2026-04-26 09:30:12,523 - INFO -  Progression chargée : 3/168 collectes effectuées
2026-04-26 09:30:12,523 - INFO - ============================================================
2026-04-26 09:30:12,523 - INFO -  DÉMARRAGE DE LA COLLECTE AUTOMATIQUE
2026-04-26 09:30:12,523 - INFO -  Planifié : 168 cycles
2026-04-26 09:30:12,523 - INFO -  Villes : Casablanca, Rabat, Marrakech, Fes, Tanger, Agadir
2026-04-26 09:30:12,539 - INFO - ============================================================
2026-04-26 09:30:12,539 - INFO - 
 CYCLE 4/168
2026-04-26 09:30:12,539 - INFO -  2026-04-26 09:30:12
2026-04-26 09:30:14,911 - INFO -  Casablanca : Temp=18.95°C, AQI=2, PM2.5=7.52
2026-04-26 09:30:18,173 - INFO -  Rabat : Temp=17.37°C, AQI=2, PM2.5=6.81
2026-04-26 09:30:21,475 - INFO -  Marrakech : Temp=18.98°C, AQI=2, PM2.5=5.92
2026-04-26 09:30:25,149 - INFO -  Fes : Temp=17.95°C, AQI=1, PM2.5=2.76
2026-04-26 09:30:28,691 - INFO -  Tanger : Temp=18.74°C, AQI=1, PM2.5=3.04
2026-04-26 09:30:31,986 - INFO -  Agadir : Temp=17.06°C, AQI=3, PM2.5=6.44
2026-04-26 09:30:31,992 - INFO -  Collecté : 6/6 villes
2026-04-26 09:30:32,004 - INFO -  Total collecté jusqu'ici : 24 enregistrements
2026-04-26 09:30:32,004 - INFO -  Attente de 60 minutes... (Ctrl+C pour interrompre et reprendre plus tard)
2026-04-26 10:30:32,077 - INFO - 
 CYCLE 5/168
2026-04-26 10:30:32,088 - INFO -  2026-04-26 10:30:32
2026-04-26 10:30:33,711 - INFO -  Casablanca : Temp=19.96°C, AQI=2, PM2.5=7.44
2026-04-26 10:30:36,967 - INFO -  Rabat : Temp=19.37°C, AQI=2, PM2.5=7.78
2026-04-26 10:30:40,176 - INFO -  Marrakech : Temp=20.98°C, AQI=2, PM2.5=6.82
2026-04-26 10:30:43,376 - INFO -  Fes : Temp=19.95°C, AQI=2, PM2.5=3.85
2026-04-26 10:30:46,606 - INFO -  Tanger : Temp=20.74°C, AQI=2, PM2.5=3.18
2026-04-26 10:30:49,837 - INFO -  Agadir : Temp=20.06°C, AQI=3, PM2.5=6.96
2026-04-26 10:30:49,865 - INFO -  Collecté : 6/6 villes
2026-04-26 10:30:49,880 - INFO -  Total collecté jusqu'ici : 30 enregistrements
2026-04-26 10:30:49,881 - INFO -  Attente de 60 minutes... (Ctrl+C pour interrompre et reprendre plus tard)
2026-04-26 11:30:49,920 - INFO - 
 CYCLE 6/168
2026-04-26 11:30:49,943 - INFO -  2026-04-26 11:30:49
2026-04-26 11:30:51,661 - INFO -  Casablanca : Temp=20.78°C, AQI=2, PM2.5=8.01
2026-04-26 11:30:54,908 - INFO -  Rabat : Temp=21.37°C, AQI=2, PM2.5=10.39
2026-04-26 11:30:58,128 - INFO -  Marrakech : Temp=22.98°C, AQI=2, PM2.5=8.17
2026-04-26 11:31:01,330 - INFO -  Fes : Temp=21.95°C, AQI=2, PM2.5=4.16
2026-04-26 11:31:04,611 - INFO -  Tanger : Temp=21.74°C, AQI=2, PM2.5=3.69
2026-04-26 11:31:07,889 - INFO -  Agadir : Temp=23.06°C, AQI=3, PM2.5=7.69
2026-04-26 11:31:07,901 - INFO -  Collecté : 6/6 villes
2026-04-26 11:31:07,912 - INFO -  Total collecté jusqu'ici : 36 enregistrements
2026-04-26 11:31:07,912 - INFO -  Attente de 60 minutes... (Ctrl+C pour interrompre et reprendre plus tard)
2026-04-26 12:31:07,988 - INFO - 
 CYCLE 7/168
2026-04-26 12:31:08,022 - INFO -  2026-04-26 12:31:08
2026-04-26 12:31:09,740 - INFO -  Casablanca : Temp=21.01°C, AQI=3, PM2.5=9.22
2026-04-26 12:31:12,982 - INFO -  Rabat : Temp=21.37°C, AQI=3, PM2.5=13.7
2026-04-26 12:31:16,201 - INFO -  Marrakech : Temp=24.98°C, AQI=2, PM2.5=9.27
2026-04-26 12:31:19,403 - INFO -  Fes : Temp=22.95°C, AQI=2, PM2.5=4.25
2026-04-26 12:31:22,599 - INFO -  Tanger : Temp=21.74°C, AQI=2, PM2.5=4.03
2026-04-26 12:31:25,842 - INFO -  Agadir : Temp=24.06°C, AQI=2, PM2.5=8.62
2026-04-26 12:31:25,863 - INFO -  Collecté : 6/6 villes
2026-04-26 12:31:25,872 - INFO -  Total collecté jusqu'ici : 42 enregistrements
2026-04-26 12:31:25,873 - INFO -  Attente de 60 minutes... (Ctrl+C pour interrompre et reprendre plus tard)
2026-04-26 13:31:26,083 - INFO - 
 CYCLE 8/168
2026-04-26 13:31:26,155 - INFO -  2026-04-26 13:31:26
2026-04-26 13:31:37,552 - WARNING -  Tentative 1/3 échouée pour Casablanca : HTTPSConnectionPool(host='api.openweathermap.org', port=443): Max retries exceeded with url: /data/2.5/weather?lat=33.5731&lon=-7.5898&appid=3fdb5f73f24ccda1ee902717c594a85d&units=metric (Caused by NameResolutionError("<urllib3.connection.HTTPSConnection object at 0x0000011AEEB94190>: Failed to resolve 'api.openweathermap.org' ([Errno 11001] getaddrinfo failed)"))
2026-04-26 13:31:58,684 - WARNING -  Tentative 2/3 échouée pour Casablanca : HTTPSConnectionPool(host='api.openweathermap.org', port=443): Max retries exceeded with url: /data/2.5/weather?lat=33.5731&lon=-7.5898&appid=3fdb5f73f24ccda1ee902717c594a85d&units=metric (Caused by NameResolutionError("<urllib3.connection.HTTPSConnection object at 0x0000011AEEB94550>: Failed to resolve 'api.openweathermap.org' ([Errno 11001] getaddrinfo failed)"))
2026-04-26 13:47:16,465 - WARNING -  Tentative 3/3 échouée pour Casablanca : HTTPSConnectionPool(host='api.openweathermap.org', port=443): Max retries exceeded with url: /data/2.5/weather?lat=33.5731&lon=-7.5898&appid=3fdb5f73f24ccda1ee902717c594a85d&units=metric (Caused by NameResolutionError("<urllib3.connection.HTTPSConnection object at 0x0000011AEEBB4090>: Failed to resolve 'api.openweathermap.org' ([Errno 11001] getaddrinfo failed)"))
2026-04-26 13:47:16,510 - ERROR -  Échec définitif pour Casablanca après 3 tentatives
2026-04-26 13:47:16,581 - WARNING -  Tentative 1/3 échouée pour Rabat : HTTPSConnectionPool(host='api.openweathermap.org', port=443): Max retries exceeded with url: /data/2.5/weather?lat=34.0209&lon=-6.8416&appid=3fdb5f73f24ccda1ee902717c594a85d&units=metric (Caused by NameResolutionError("<urllib3.connection.HTTPSConnection object at 0x0000011AEEBB5ED0>: Failed to resolve 'api.openweathermap.org' ([Errno 11001] getaddrinfo failed)"))
2026-04-26 13:47:26,595 - WARNING -  Tentative 2/3 échouée pour Rabat : HTTPSConnectionPool(host='api.openweathermap.org', port=443): Max retries exceeded with url: /data/2.5/weather?lat=34.0209&lon=-6.8416&appid=3fdb5f73f24ccda1ee902717c594a85d&units=metric (Caused by NameResolutionError("<urllib3.connection.HTTPSConnection object at 0x0000011AEEBB6ED0>: Failed to resolve 'api.openweathermap.org' ([Errno 11001] getaddrinfo failed)"))
2026-04-26 13:47:38,319 - INFO -  Rabat : Temp=21.37°C, AQI=3, PM2.5=12.38
2026-04-26 13:47:41,550 - INFO -  Marrakech : Temp=25.98°C, AQI=3, PM2.5=11.22
2026-04-26 13:47:44,747 - INFO -  Fes : Temp=24.95°C, AQI=2, PM2.5=4.55
2026-04-26 13:47:47,968 - INFO -  Tanger : Temp=22.75°C, AQI=2, PM2.5=4.12
2026-04-26 13:47:51,223 - INFO -  Agadir : Temp=24.06°C, AQI=2, PM2.5=9.61
2026-04-26 13:47:51,236 - INFO -  Collecté : 5/6 villes
2026-04-26 13:47:51,244 - INFO -  Total collecté jusqu'ici : 47 enregistrements
2026-04-26 13:47:51,244 - INFO -  Attente de 60 minutes... (Ctrl+C pour interrompre et reprendre plus tard)
2026-04-26 14:47:51,312 - INFO - 
 CYCLE 9/168
2026-04-26 16:17:41,459 - INFO -  2026-04-26 16:17:41
2026-04-26 16:17:44,455 - INFO -  Casablanca : Temp=21.01°C, AQI=3, PM2.5=7.77
2026-04-26 16:17:47,676 - INFO -  Rabat : Temp=24.37°C, AQI=3, PM2.5=9.94
2026-04-26 16:17:51,542 - INFO -  Marrakech : Temp=30.98°C, AQI=3, PM2.5=11.02
2026-04-26 16:17:54,794 - INFO -  Fes : Temp=25.95°C, AQI=2, PM2.5=4.24
2026-04-26 16:17:58,476 - INFO -  Tanger : Temp=21.74°C, AQI=3, PM2.5=5.04
2026-04-26 16:18:01,742 - INFO -  Agadir : Temp=23.06°C, AQI=2, PM2.5=10.69
2026-04-26 16:18:01,816 - INFO -  Collecté : 6/6 villes
2026-04-26 16:18:01,891 - INFO -  Total collecté jusqu'ici : 53 enregistrements
2026-04-26 16:18:01,893 - INFO -  Attente de 60 minutes... (Ctrl+C pour interrompre et reprendre plus tard)
2026-04-26 17:18:01,972 - INFO - 
 CYCLE 10/168
2026-04-26 17:18:01,977 - INFO -  2026-04-26 17:18:01
2026-04-26 17:18:03,813 - INFO -  Casablanca : Temp=22.01°C, AQI=3, PM2.5=8.21
2026-04-26 17:18:07,049 - INFO -  Rabat : Temp=23.37°C, AQI=3, PM2.5=9.82
2026-04-26 17:18:10,343 - INFO -  Marrakech : Temp=29.98°C, AQI=3, PM2.5=11.52
2026-04-26 17:18:13,572 - INFO -  Fes : Temp=26.95°C, AQI=2, PM2.5=4.07
2026-04-26 17:18:16,803 - INFO -  Tanger : Temp=21.74°C, AQI=3, PM2.5=5.27
2026-04-26 17:18:20,073 - INFO -  Agadir : Temp=24.06°C, AQI=3, PM2.5=11.21
2026-04-26 17:18:20,083 - INFO -  Collecté : 6/6 villes
2026-04-26 17:18:20,091 - INFO -  Total collecté jusqu'ici : 59 enregistrements
2026-04-26 17:18:20,091 - INFO -  Attente de 60 minutes... (Ctrl+C pour interrompre et reprendre plus tard)
2026-04-26 18:18:20,207 - INFO - 
 CYCLE 11/168
2026-04-26 18:18:20,217 - INFO -  2026-04-26 18:18:20
2026-04-26 18:18:22,091 - INFO -  Casablanca : Temp=21.84°C, AQI=3, PM2.5=8.57
2026-04-26 18:18:25,624 - INFO -  Rabat : Temp=23.35°C, AQI=3, PM2.5=9.56
2026-04-26 18:18:28,930 - INFO -  Marrakech : Temp=29.98°C, AQI=3, PM2.5=12.2
2026-04-26 18:18:32,156 - INFO -  Fes : Temp=25.95°C, AQI=2, PM2.5=3.9
2026-04-26 18:18:35,710 - INFO -  Tanger : Temp=20.83°C, AQI=3, PM2.5=5.59
2026-04-26 18:18:39,348 - INFO -  Agadir : Temp=23.06°C, AQI=3, PM2.5=10.94
2026-04-26 18:18:39,384 - INFO -  Collecté : 6/6 villes
2026-04-26 18:18:39,419 - INFO -  Total collecté jusqu'ici : 65 enregistrements
2026-04-26 18:18:39,421 - INFO -  Attente de 60 minutes... (Ctrl+C pour interrompre et reprendre plus tard)
2026-04-26 19:18:39,697 - INFO - 
 CYCLE 12/168
2026-04-26 19:18:39,720 - INFO -  2026-04-26 19:18:39
2026-04-26 19:18:41,519 - INFO -  Casablanca : Temp=20.01°C, AQI=3, PM2.5=8.76
2026-04-26 19:18:44,758 - INFO -  Rabat : Temp=22.37°C, AQI=3, PM2.5=8.78
2026-04-26 19:18:48,197 - INFO -  Marrakech : Temp=28.98°C, AQI=3, PM2.5=12.45
2026-04-26 19:18:51,491 - INFO -  Fes : Temp=24.95°C, AQI=2, PM2.5=3.76
2026-04-26 19:18:54,874 - INFO -  Tanger : Temp=19.74°C, AQI=3, PM2.5=5.87
2026-04-26 19:18:58,131 - INFO -  Agadir : Temp=21.06°C, AQI=3, PM2.5=10.29
2026-04-26 19:18:58,195 - INFO -  Collecté : 6/6 villes
2026-04-26 19:18:58,250 - INFO -  Total collecté jusqu'ici : 71 enregistrements
2026-04-26 19:18:58,251 - INFO -  Attente de 60 minutes... (Ctrl+C pour interrompre et reprendre plus tard)
2026-04-26 20:18:58,312 - INFO - 
 CYCLE 13/168
2026-04-26 20:18:58,312 - INFO -  2026-04-26 20:18:58
2026-04-26 20:19:00,109 - INFO -  Casablanca : Temp=18.95°C, AQI=3, PM2.5=8.86
2026-04-26 20:19:03,365 - INFO -  Rabat : Temp=21.37°C, AQI=2, PM2.5=7.97
2026-04-26 20:19:06,608 - INFO -  Marrakech : Temp=27.98°C, AQI=3, PM2.5=12.24
2026-04-26 20:19:09,875 - INFO -  Fes : Temp=21.95°C, AQI=2, PM2.5=3.65
2026-04-26 20:19:13,158 - INFO -  Tanger : Temp=18.74°C, AQI=3, PM2.5=6
2026-04-26 20:19:16,437 - INFO -  Agadir : Temp=19.06°C, AQI=3, PM2.5=9.24
2026-04-26 20:19:16,468 - INFO -  Collecté : 6/6 villes
2026-04-26 20:19:16,479 - INFO -  Total collecté jusqu'ici : 77 enregistrements
2026-04-26 20:19:16,479 - INFO -  Attente de 60 minutes... (Ctrl+C pour interrompre et reprendre plus tard)
2026-04-26 21:19:16,547 - INFO - 
 CYCLE 14/168
2026-04-26 21:19:16,549 - INFO -  2026-04-26 21:19:16
2026-04-26 21:19:18,140 - INFO -  Casablanca : Temp=18.95°C, AQI=3, PM2.5=9
2026-04-26 21:19:21,469 - INFO -  Rabat : Temp=18.37°C, AQI=2, PM2.5=7.61
2026-04-26 21:19:24,767 - INFO -  Marrakech : Temp=25.98°C, AQI=2, PM2.5=12.14
2026-04-26 21:19:28,010 - INFO -  Fes : Temp=19.95°C, AQI=2, PM2.5=3.66
2026-04-26 21:19:31,849 - INFO -  Tanger : Temp=18.74°C, AQI=2, PM2.5=6.05
2026-04-26 21:19:35,084 - INFO -  Agadir : Temp=18.06°C, AQI=3, PM2.5=8.22
2026-04-26 21:19:35,115 - INFO -  Collecté : 6/6 villes
2026-04-26 21:19:35,128 - INFO -  Total collecté jusqu'ici : 83 enregistrements
2026-04-26 21:19:35,129 - INFO -  Attente de 60 minutes... (Ctrl+C pour interrompre et reprendre plus tard)
2026-04-26 22:19:35,183 - INFO - 
 CYCLE 15/168
2026-04-26 22:19:35,183 - INFO -  2026-04-26 22:19:35
2026-04-26 22:19:37,757 - INFO -  Casablanca : Temp=18.95°C, AQI=3, PM2.5=9.03
2026-04-26 22:19:41,429 - INFO -  Rabat : Temp=15.37°C, AQI=2, PM2.5=7.52
2026-04-26 22:19:44,812 - INFO -  Marrakech : Temp=24.98°C, AQI=2, PM2.5=12.04
2026-04-26 22:19:48,338 - INFO -  Fes : Temp=18.97°C, AQI=1, PM2.5=3.68
2026-04-26 22:19:51,775 - INFO -  Tanger : Temp=18.74°C, AQI=2, PM2.5=6.05
2026-04-26 22:19:55,147 - INFO -  Agadir : Temp=18.06°C, AQI=3, PM2.5=7.95
2026-04-26 22:19:55,157 - INFO -  Collecté : 6/6 villes
2026-04-26 22:19:55,168 - INFO -  Total collecté jusqu'ici : 89 enregistrements
2026-04-26 22:19:55,178 - INFO -  Attente de 60 minutes... (Ctrl+C pour interrompre et reprendre plus tard)
2026-04-26 23:19:55,297 - INFO - 
 CYCLE 16/168
2026-04-26 23:19:55,304 - INFO -  2026-04-26 23:19:55
2026-04-26 23:19:58,384 - INFO -  Casablanca : Temp=18.95°C, AQI=2, PM2.5=8.86
2026-04-26 23:20:02,322 - INFO -  Rabat : Temp=15.37°C, AQI=2, PM2.5=7.37
2026-04-26 23:20:07,311 - INFO -  Marrakech : Temp=23.98°C, AQI=2, PM2.5=11.73
2026-04-26 23:20:10,894 - INFO -  Fes : Temp=18.95°C, AQI=1, PM2.5=3.61
2026-04-26 23:20:14,392 - INFO -  Tanger : Temp=18.74°C, AQI=2, PM2.5=6.01
2026-04-26 23:20:17,592 - INFO -  Agadir : Temp=18.06°C, AQI=3, PM2.5=7.4
2026-04-26 23:20:17,613 - INFO -  Collecté : 6/6 villes
2026-04-26 23:20:17,626 - INFO -  Total collecté jusqu'ici : 95 enregistrements
2026-04-26 23:20:17,627 - INFO -  Attente de 60 minutes... (Ctrl+C pour interrompre et reprendre plus tard)
2026-04-27 00:20:17,666 - INFO - 
 CYCLE 17/168
2026-04-27 00:20:17,675 - INFO -  2026-04-27 00:20:17
2026-04-27 00:20:19,454 - INFO -  Casablanca : Temp=17.89°C, AQI=2, PM2.5=8.87
2026-04-27 00:20:22,692 - INFO -  Rabat : Temp=16.37°C, AQI=2, PM2.5=7.38
2026-04-27 00:20:25,914 - INFO -  Marrakech : Temp=22.98°C, AQI=2, PM2.5=11.7
2026-04-27 00:20:29,165 - INFO -  Fes : Temp=17.95°C, AQI=1, PM2.5=3.56
2026-04-27 00:20:32,389 - INFO -  Tanger : Temp=17.74°C, AQI=2, PM2.5=5.97
2026-04-27 00:20:35,623 - INFO -  Agadir : Temp=18.06°C, AQI=3, PM2.5=7.01
2026-04-27 00:20:35,639 - INFO -  Collecté : 6/6 villes
2026-04-27 00:20:35,658 - INFO -  Total collecté jusqu'ici : 101 enregistrements
2026-04-27 00:20:35,658 - INFO -  Attente de 60 minutes... (Ctrl+C pour interrompre et reprendre plus tard)
2026-04-27 00:22:04,483 - INFO - 
 INTERRUPTION DÉTECTÉE - Sauvegarde en cours...
2026-04-27 00:22:04,517 - INFO -  Sauvegarde terminée. 101 enregistrements préservés.
2026-04-27 00:22:04,518 - INFO -  Relancez le script pour continuer là où vous vous êtes arrêté.
2026-04-27 00:22:04,521 - INFO - 
============================================================
2026-04-27 00:22:04,522 - INFO -  RAPPORT FINAL DE COLLECTE
2026-04-27 00:22:04,522 - INFO - ============================================================
2026-04-27 00:22:04,523 - INFO -  Total enregistrements : 101
2026-04-27 00:22:04,524 - INFO -  Par ville :
2026-04-27 00:22:04,525 - INFO -    - Casablanca: 16 enregistrements
2026-04-27 00:22:04,526 - INFO -    - Rabat: 17 enregistrements
2026-04-27 00:22:04,527 - INFO -    - Marrakech: 17 enregistrements
2026-04-27 00:22:04,528 - INFO -    - Fes: 17 enregistrements
2026-04-27 00:22:04,529 - INFO -    - Tanger: 17 enregistrements
2026-04-27 00:22:04,530 - INFO -    - Agadir: 17 enregistrements
2026-04-27 00:22:04,531 - INFO -  Échecs : 1
2026-04-27 00:22:04,916 - INFO -  Données sauvegardées dans : C:\Users\safawardi\Documents\IA2_bdsi\projet_air_quality\data\raw\air_quality_20260427_002204.csv
2026-04-27 00:22:04,926 - INFO -  Version consolidée : C:\Users\safawardi\Documents\IA2_bdsi\projet_air_quality\data\raw\air_quality_latest.csv
2026-04-27 00:22:04,926 - INFO - ============================================================
2026-04-27 00:22:04,926 - INFO - Collecte terminée !
