2026-05-06 08:45:36,915 - INFO -  Progression chargée : 125/168 collectes effectuées
2026-05-06 08:45:36,916 - INFO - ============================================================
2026-05-06 08:45:36,923 - INFO -  DÉMARRAGE DE LA COLLECTE AUTOMATIQUE
2026-05-06 08:45:36,924 - INFO -  Planifié : 168 cycles
2026-05-06 08:45:36,924 - INFO -  Villes : Casablanca, Rabat, Marrakech, Fes, Tanger, Agadir
2026-05-06 08:45:36,945 - INFO - ============================================================
2026-05-06 08:45:36,953 - INFO - 
 CYCLE 126/168
2026-05-06 08:45:36,954 - INFO -  2026-05-06 08:45:36
2026-05-06 08:45:36,980 - WARNING -  Tentative 1/3 échouée pour Casablanca : HTTPSConnectionPool(host='api.openweathermap.org', port=443): Max retries exceeded with url: /data/2.5/weather?lat=33.5731&lon=-7.5898&appid=3fdb5f73f24ccda1ee902717c594a85d&units=metric (Caused by NameResolutionError("<urllib3.connection.HTTPSConnection object at 0x000002D7327C3950>: Failed to resolve 'api.openweathermap.org' ([Errno 11001] getaddrinfo failed)"))
2026-05-06 08:45:47,018 - WARNING -  Tentative 2/3 échouée pour Casablanca : HTTPSConnectionPool(host='api.openweathermap.org', port=443): Max retries exceeded with url: /data/2.5/weather?lat=33.5731&lon=-7.5898&appid=3fdb5f73f24ccda1ee902717c594a85d&units=metric (Caused by NameResolutionError("<urllib3.connection.HTTPSConnection object at 0x000002D734486910>: Failed to resolve 'api.openweathermap.org' ([Errno 11001] getaddrinfo failed)"))
2026-05-06 08:45:59,022 - INFO -  Casablanca : Temp=17.89°C, AQI=2, PM2.5=4.37
2026-05-06 08:46:02,201 - INFO -  Rabat : Temp=15.37°C, AQI=2, PM2.5=4.35
2026-05-06 08:46:05,428 - INFO -  Marrakech : Temp=13.98°C, AQI=2, PM2.5=5.52
2026-05-06 08:46:08,641 - INFO -  Fes : Temp=12.95°C, AQI=2, PM2.5=3.96
2026-05-06 08:46:12,008 - INFO -  Tanger : Temp=15.74°C, AQI=2, PM2.5=3.01
2026-05-06 08:46:15,495 - INFO -  Agadir : Temp=17.06°C, AQI=2, PM2.5=4.04
2026-05-06 08:46:15,717 - INFO -  Collecté : 6/6 villes
2026-05-06 08:46:15,898 - INFO -  Total collecté jusqu'ici : 744 enregistrements
2026-05-06 08:46:15,899 - INFO -  Attente de 60 minutes... (Ctrl+C pour interrompre et reprendre plus tard)
2026-05-06 09:46:15,939 - INFO - 
 CYCLE 127/168
2026-05-06 09:46:15,940 - INFO -  2026-05-06 09:46:15
2026-05-06 09:46:17,621 - INFO -  Casablanca : Temp=17.39°C, AQI=2, PM2.5=4.73
2026-05-06 09:46:20,870 - INFO -  Rabat : Temp=19.37°C, AQI=2, PM2.5=4.57
2026-05-06 09:46:24,148 - INFO -  Marrakech : Temp=16.98°C, AQI=2, PM2.5=5.67
2026-05-06 09:46:27,335 - INFO -  Fes : Temp=13.95°C, AQI=2, PM2.5=3.69
2026-05-06 09:46:30,803 - INFO -  Tanger : Temp=17.74°C, AQI=2, PM2.5=3.19
2026-05-06 09:46:34,185 - INFO -  Agadir : Temp=19.06°C, AQI=2, PM2.5=4.53
2026-05-06 09:46:34,463 - INFO -  Collecté : 6/6 villes
2026-05-06 09:46:34,612 - INFO -  Total collecté jusqu'ici : 750 enregistrements
2026-05-06 09:46:34,613 - INFO -  Attente de 60 minutes... (Ctrl+C pour interrompre et reprendre plus tard)
2026-05-06 10:46:34,647 - INFO - 
 CYCLE 128/168
2026-05-06 10:46:34,651 - INFO -  2026-05-06 10:46:34
2026-05-06 10:46:36,273 - INFO -  Casablanca : Temp=19.01°C, AQI=3, PM2.5=4.36
2026-05-06 10:46:39,480 - INFO -  Rabat : Temp=18.37°C, AQI=3, PM2.5=4.26
2026-05-06 10:46:42,731 - INFO -  Marrakech : Temp=17.98°C, AQI=2, PM2.5=4.04
2026-05-06 10:46:45,954 - INFO -  Fes : Temp=15.95°C, AQI=2, PM2.5=3.17
2026-05-06 10:46:49,154 - INFO -  Tanger : Temp=18.74°C, AQI=2, PM2.5=3.07
2026-05-06 10:46:52,390 - INFO -  Agadir : Temp=22.06°C, AQI=2, PM2.5=5.15
2026-05-06 10:46:52,495 - INFO -  Collecté : 6/6 villes
2026-05-06 10:46:52,584 - INFO -  Total collecté jusqu'ici : 756 enregistrements
2026-05-06 10:46:52,585 - INFO -  Attente de 60 minutes... (Ctrl+C pour interrompre et reprendre plus tard)
2026-05-06 11:46:52,695 - INFO - 
 CYCLE 129/168
2026-05-06 11:46:52,738 - INFO -  2026-05-06 11:46:52
2026-05-06 11:46:54,717 - INFO -  Casablanca : Temp=20.01°C, AQI=3, PM2.5=4.55
2026-05-06 11:46:57,902 - INFO -  Rabat : Temp=20.37°C, AQI=3, PM2.5=4.65
2026-05-06 11:47:01,144 - INFO -  Marrakech : Temp=18.98°C, AQI=2, PM2.5=3.47
2026-05-06 11:47:04,386 - INFO -  Fes : Temp=16.95°C, AQI=2, PM2.5=2.69
2026-05-06 11:47:07,660 - INFO -  Tanger : Temp=18.74°C, AQI=3, PM2.5=3.18
2026-05-06 11:47:10,907 - INFO -  Agadir : Temp=24.06°C, AQI=3, PM2.5=5.91
2026-05-06 11:47:11,031 - INFO -  Collecté : 6/6 villes
2026-05-06 11:47:11,125 - INFO -  Total collecté jusqu'ici : 762 enregistrements
2026-05-06 11:47:11,125 - INFO -  Attente de 60 minutes... (Ctrl+C pour interrompre et reprendre plus tard)
2026-05-06 12:24:00,152 - INFO - 
 INTERRUPTION DÉTECTÉE - Sauvegarde en cours...
2026-05-06 12:24:00,351 - INFO -  Sauvegarde terminée. 762 enregistrements préservés.
2026-05-06 12:24:00,351 - INFO -  Relancez le script pour continuer là où vous vous êtes arrêté.
2026-05-06 12:24:00,352 - INFO - 
============================================================
2026-05-06 12:24:00,354 - INFO -  RAPPORT FINAL DE COLLECTE
2026-05-06 12:24:00,354 - INFO - ============================================================
2026-05-06 12:24:00,354 - INFO -  Total enregistrements : 762
2026-05-06 12:24:00,355 - INFO -  Par ville :
2026-05-06 12:24:00,355 - INFO -    - Casablanca: 127 enregistrements
2026-05-06 12:24:00,355 - INFO -    - Rabat: 128 enregistrements
2026-05-06 12:24:00,355 - INFO -    - Marrakech: 127 enregistrements
2026-05-06 12:24:00,356 - INFO -    - Fes: 127 enregistrements
2026-05-06 12:24:00,356 - INFO -    - Tanger: 127 enregistrements
2026-05-06 12:24:00,357 - INFO -    - Agadir: 126 enregistrements
2026-05-06 12:24:00,357 - INFO -  Échecs : 15
2026-05-06 12:24:00,733 - INFO -  Données sauvegardées dans : C:\Users\safawardi\Documents\IA2_bdsi\projet_air_quality\data\raw\air_quality_20260506_122400.csv
2026-05-06 12:24:00,759 - INFO -  Version consolidée : C:\Users\safawardi\Documents\IA2_bdsi\projet_air_quality\data\raw\air_quality_latest.csv
2026-05-06 12:24:00,759 - INFO - ============================================================
2026-05-06 12:24:00,760 - INFO - Collecte terminée !
2026-05-06 14:51:04,000 - INFO -  Progression chargée : 129/168 collectes effectuées
2026-05-06 14:51:04,001 - INFO - ============================================================
2026-05-06 14:51:04,002 - INFO -  DÉMARRAGE DE LA COLLECTE AUTOMATIQUE
2026-05-06 14:51:04,002 - INFO -  Planifié : 168 cycles
2026-05-06 14:51:04,002 - INFO -  Villes : Casablanca, Rabat, Marrakech, Fes, Tanger, Agadir
2026-05-06 14:51:04,016 - INFO - ============================================================
2026-05-06 14:51:04,017 - INFO - 
 CYCLE 130/168
2026-05-06 14:51:04,018 - INFO -  2026-05-06 14:51:04
2026-05-06 14:51:05,969 - INFO -  Casablanca : Temp=20.28°C, AQI=3, PM2.5=4.09
2026-05-06 14:51:09,310 - INFO -  Rabat : Temp=21.37°C, AQI=3, PM2.5=3.87
2026-05-06 14:51:12,608 - INFO -  Marrakech : Temp=22.98°C, AQI=2, PM2.5=1.83
2026-05-06 14:51:15,967 - INFO -  Fes : Temp=20.95°C, AQI=2, PM2.5=2.46
2026-05-06 14:51:19,357 - INFO -  Tanger : Temp=19.74°C, AQI=3, PM2.5=2.58
2026-05-06 14:51:22,775 - INFO -  Agadir : Temp=25.14°C, AQI=3, PM2.5=5.45
2026-05-06 14:51:22,869 - INFO -  Collecté : 6/6 villes
2026-05-06 14:51:22,994 - INFO -  Total collecté jusqu'ici : 768 enregistrements
2026-05-06 14:51:22,995 - INFO -  Attente de 60 minutes... (Ctrl+C pour interrompre et reprendre plus tard)
2026-05-06 15:51:23,207 - INFO - 
 CYCLE 131/168
2026-05-06 15:51:23,239 - INFO -  2026-05-06 15:51:23
2026-05-06 15:51:25,312 - INFO -  Casablanca : Temp=21.01°C, AQI=3, PM2.5=3.65
2026-05-06 15:51:28,586 - INFO -  Rabat : Temp=20.37°C, AQI=3, PM2.5=3.58
2026-05-06 15:51:31,802 - INFO -  Marrakech : Temp=24.98°C, AQI=2, PM2.5=1.77
2026-05-06 15:51:35,143 - INFO -  Fes : Temp=20.95°C, AQI=2, PM2.5=2.32
2026-05-06 15:51:38,399 - INFO -  Tanger : Temp=19.74°C, AQI=3, PM2.5=2.52
2026-05-06 15:51:41,792 - INFO -  Agadir : Temp=26.06°C, AQI=3, PM2.5=4.35
2026-05-06 15:51:42,150 - INFO -  Collecté : 6/6 villes
2026-05-06 15:51:42,386 - INFO -  Total collecté jusqu'ici : 774 enregistrements
2026-05-06 15:51:42,387 - INFO -  Attente de 60 minutes... (Ctrl+C pour interrompre et reprendre plus tard)
2026-05-06 16:51:42,464 - INFO - 
 CYCLE 132/168
2026-05-06 16:51:42,485 - INFO -  2026-05-06 16:51:42
2026-05-06 16:51:47,745 - INFO -  Casablanca : Temp=20°C, AQI=3, PM2.5=3.21
2026-05-06 16:51:51,043 - INFO -  Rabat : Temp=20.37°C, AQI=3, PM2.5=3.32
2026-05-06 16:52:13,924 - WARNING -  Tentative 1/3 échouée pour Marrakech : ('Connection aborted.', ConnectionResetError(10054, 'An existing connection was forcibly closed by the remote host', None, 10054, None))
2026-05-06 16:52:25,221 - INFO -  Marrakech : Temp=23.98°C, AQI=2, PM2.5=1.78
2026-05-06 16:52:28,416 - INFO -  Fes : Temp=19.95°C, AQI=2, PM2.5=2.4
2026-05-06 16:52:33,009 - INFO -  Tanger : Temp=18.74°C, AQI=3, PM2.5=2.51
2026-05-06 16:52:36,661 - INFO -  Agadir : Temp=26.06°C, AQI=3, PM2.5=3.18
2026-05-06 16:52:37,133 - INFO -  Collecté : 6/6 villes
2026-05-06 16:52:37,345 - INFO -  Total collecté jusqu'ici : 780 enregistrements
2026-05-06 16:52:37,347 - INFO -  Attente de 60 minutes... (Ctrl+C pour interrompre et reprendre plus tard)
2026-05-06 17:52:37,435 - INFO - 
 CYCLE 133/168
2026-05-06 17:52:37,459 - INFO -  2026-05-06 17:52:37
2026-05-06 17:52:39,943 - INFO -  Casablanca : Temp=20°C, AQI=3, PM2.5=2.91
2026-05-06 17:52:43,422 - INFO -  Rabat : Temp=20.37°C, AQI=3, PM2.5=3.04
2026-05-06 17:52:47,116 - INFO -  Marrakech : Temp=23.98°C, AQI=2, PM2.5=1.86
2026-05-06 17:52:50,591 - INFO -  Fes : Temp=20.95°C, AQI=2, PM2.5=2.57
2026-05-06 17:52:54,173 - INFO -  Tanger : Temp=18.74°C, AQI=3, PM2.5=2.49
2026-05-06 17:52:57,869 - INFO -  Agadir : Temp=25.06°C, AQI=3, PM2.5=2.39
2026-05-06 17:52:58,025 - INFO -  Collecté : 6/6 villes
2026-05-06 17:52:58,140 - INFO -  Total collecté jusqu'ici : 786 enregistrements
2026-05-06 17:52:58,141 - INFO -  Attente de 60 minutes... (Ctrl+C pour interrompre et reprendre plus tard)
2026-05-06 17:53:40,120 - INFO - 
 INTERRUPTION DÉTECTÉE - Sauvegarde en cours...
2026-05-06 17:53:40,350 - INFO -  Sauvegarde terminée. 786 enregistrements préservés.
2026-05-06 17:53:40,351 - INFO -  Relancez le script pour continuer là où vous vous êtes arrêté.
2026-05-06 17:53:40,352 - INFO - 
============================================================
2026-05-06 17:53:40,352 - INFO -  RAPPORT FINAL DE COLLECTE
2026-05-06 17:53:40,353 - INFO - ============================================================
2026-05-06 17:53:40,353 - INFO -  Total enregistrements : 786
2026-05-06 17:53:40,354 - INFO -  Par ville :
2026-05-06 17:53:40,354 - INFO -    - Casablanca: 131 enregistrements
2026-05-06 17:53:40,355 - INFO -    - Rabat: 132 enregistrements
2026-05-06 17:53:40,359 - INFO -    - Marrakech: 131 enregistrements
2026-05-06 17:53:40,360 - INFO -    - Fes: 131 enregistrements
2026-05-06 17:53:40,361 - INFO -    - Tanger: 131 enregistrements
2026-05-06 17:53:40,363 - INFO -    - Agadir: 130 enregistrements
2026-05-06 17:53:40,364 - INFO -  Échecs : 15
2026-05-06 17:53:40,760 - INFO -  Données sauvegardées dans : C:\Users\safawardi\Documents\IA2_bdsi\projet_air_quality\data\raw\air_quality_20260506_175340.csv
2026-05-06 17:53:40,793 - INFO -  Version consolidée : C:\Users\safawardi\Documents\IA2_bdsi\projet_air_quality\data\raw\air_quality_latest.csv
2026-05-06 17:53:40,793 - INFO - ============================================================
2026-05-06 17:53:40,796 - INFO - Collecte terminée !
2026-05-06 20:37:13,112 - INFO -  Progression chargée : 133/168 collectes effectuées
2026-05-06 20:37:13,113 - INFO - ============================================================
2026-05-06 20:37:13,114 - INFO -  DÉMARRAGE DE LA COLLECTE AUTOMATIQUE
2026-05-06 20:37:13,114 - INFO -  Planifié : 168 cycles
2026-05-06 20:37:13,114 - INFO -  Villes : Casablanca, Rabat, Marrakech, Fes, Tanger, Agadir
2026-05-06 20:37:13,132 - INFO - ============================================================
2026-05-06 20:37:13,133 - INFO - 
 CYCLE 134/168
2026-05-06 20:37:13,133 - INFO -  2026-05-06 20:37:13
2026-05-06 20:37:14,688 - INFO -  Casablanca : Temp=18.01°C, AQI=3, PM2.5=2.52
2026-05-06 20:37:17,874 - INFO -  Rabat : Temp=17.37°C, AQI=2, PM2.5=2.24
2026-05-06 20:37:21,042 - INFO -  Marrakech : Temp=21.98°C, AQI=2, PM2.5=2.35
2026-05-06 20:37:24,315 - INFO -  Fes : Temp=18.95°C, AQI=2, PM2.5=2.92
2026-05-06 20:37:27,515 - INFO -  Tanger : Temp=16.74°C, AQI=3, PM2.5=2.23
2026-05-06 20:37:30,738 - INFO -  Agadir : Temp=20.06°C, AQI=3, PM2.5=1.41
2026-05-06 20:37:30,815 - INFO -  Collecté : 6/6 villes
2026-05-06 20:37:30,905 - INFO -  Total collecté jusqu'ici : 792 enregistrements
2026-05-06 20:37:30,905 - INFO -  Attente de 60 minutes... (Ctrl+C pour interrompre et reprendre plus tard)
2026-05-06 21:37:30,982 - INFO - 
 CYCLE 135/168
2026-05-06 21:37:31,009 - INFO -  2026-05-06 21:37:31
2026-05-06 21:37:32,817 - INFO -  Casablanca : Temp=17.89°C, AQI=3, PM2.5=2.64
2026-05-06 21:37:36,032 - INFO -  Rabat : Temp=17.37°C, AQI=2, PM2.5=2.24
2026-05-06 21:37:44,129 - INFO -  Marrakech : Temp=19.98°C, AQI=2, PM2.5=2.54
2026-05-06 21:37:47,326 - INFO -  Fes : Temp=16.95°C, AQI=2, PM2.5=2.92
2026-05-06 21:37:50,522 - INFO -  Tanger : Temp=15.74°C, AQI=3, PM2.5=2.23
2026-05-06 21:37:53,807 - INFO -  Agadir : Temp=18.06°C, AQI=3, PM2.5=1.41
2026-05-06 21:37:53,912 - INFO -  Collecté : 6/6 villes
2026-05-06 21:37:54,017 - INFO -  Total collecté jusqu'ici : 798 enregistrements
2026-05-06 21:37:54,018 - INFO -  Attente de 60 minutes... (Ctrl+C pour interrompre et reprendre plus tard)
2026-05-06 22:37:54,097 - INFO - 
 CYCLE 136/168
2026-05-06 22:37:54,103 - INFO -  2026-05-06 22:37:54
2026-05-06 22:37:55,917 - INFO -  Casablanca : Temp=16.84°C, AQI=2, PM2.5=2.78
2026-05-06 22:37:59,363 - INFO -  Rabat : Temp=17.37°C, AQI=2, PM2.5=2.21
2026-05-06 22:38:02,966 - INFO -  Marrakech : Temp=17.98°C, AQI=2, PM2.5=2.6
2026-05-06 22:38:06,214 - INFO -  Fes : Temp=16.95°C, AQI=2, PM2.5=2.77
2026-05-06 22:38:09,529 - INFO -  Tanger : Temp=14.74°C, AQI=3, PM2.5=2.16
2026-05-06 22:38:12,766 - INFO -  Agadir : Temp=17.06°C, AQI=3, PM2.5=1.33
2026-05-06 22:38:13,078 - INFO -  Collecté : 6/6 villes
2026-05-06 22:38:13,359 - INFO -  Total collecté jusqu'ici : 804 enregistrements
2026-05-06 22:38:13,360 - INFO -  Attente de 60 minutes... (Ctrl+C pour interrompre et reprendre plus tard)
2026-05-06 23:38:13,412 - INFO - 
 CYCLE 137/168
2026-05-06 23:38:13,420 - INFO -  2026-05-06 23:38:13
2026-05-06 23:38:15,832 - INFO -  Casablanca : Temp=16.84°C, AQI=2, PM2.5=2.96
2026-05-06 23:38:19,044 - INFO -  Rabat : Temp=16.37°C, AQI=2, PM2.5=2.23
2026-05-06 23:38:22,591 - INFO -  Marrakech : Temp=16.97°C, AQI=2, PM2.5=2.7
2026-05-06 23:38:26,385 - INFO -  Fes : Temp=15.95°C, AQI=2, PM2.5=2.55
2026-05-06 23:38:29,576 - INFO -  Tanger : Temp=15.74°C, AQI=3, PM2.5=2.26
2026-05-06 23:38:33,154 - INFO -  Agadir : Temp=16.06°C, AQI=3, PM2.5=1.33
2026-05-06 23:38:33,595 - INFO -  Collecté : 6/6 villes
2026-05-06 23:38:33,983 - INFO -  Total collecté jusqu'ici : 810 enregistrements
2026-05-06 23:38:33,984 - INFO -  Attente de 60 minutes... (Ctrl+C pour interrompre et reprendre plus tard)
2026-05-07 00:38:34,089 - INFO - 
 CYCLE 138/168
2026-05-07 00:38:34,099 - INFO -  2026-05-07 00:38:34
2026-05-07 00:38:35,658 - INFO -  Casablanca : Temp=16.84°C, AQI=2, PM2.5=3.14
2026-05-07 00:38:39,113 - INFO -  Rabat : Temp=15.37°C, AQI=2, PM2.5=2.32
2026-05-07 00:38:42,276 - INFO -  Marrakech : Temp=15.97°C, AQI=2, PM2.5=2.76
2026-05-07 00:38:45,467 - INFO -  Fes : Temp=14.95°C, AQI=2, PM2.5=2.41
2026-05-07 00:38:48,661 - INFO -  Tanger : Temp=15.74°C, AQI=3, PM2.5=2.38
2026-05-07 00:38:51,841 - INFO -  Agadir : Temp=16.06°C, AQI=3, PM2.5=1.32
2026-05-07 00:38:51,952 - INFO -  Collecté : 6/6 villes
2026-05-07 00:38:52,039 - INFO -  Total collecté jusqu'ici : 816 enregistrements
2026-05-07 00:38:52,040 - INFO -  Attente de 60 minutes... (Ctrl+C pour interrompre et reprendre plus tard)
2026-05-07 01:38:52,103 - INFO - 
 CYCLE 139/168
2026-05-07 01:38:52,121 - INFO -  2026-05-07 01:38:52
2026-05-07 01:38:53,703 - INFO -  Casablanca : Temp=16.84°C, AQI=2, PM2.5=3.31
2026-05-07 01:38:56,902 - INFO -  Rabat : Temp=11.37°C, AQI=2, PM2.5=2.44
2026-05-07 01:39:00,114 - INFO -  Marrakech : Temp=15.98°C, AQI=2, PM2.5=2.76
2026-05-07 01:39:03,299 - INFO -  Fes : Temp=14.95°C, AQI=2, PM2.5=2.31
2026-05-07 01:39:06,477 - INFO -  Tanger : Temp=14.74°C, AQI=3, PM2.5=2.43
2026-05-07 01:39:09,654 - INFO -  Agadir : Temp=16.06°C, AQI=3, PM2.5=1.27
2026-05-07 01:39:09,794 - INFO -  Collecté : 6/6 villes
2026-05-07 01:39:09,881 - INFO -  Total collecté jusqu'ici : 822 enregistrements
2026-05-07 01:39:09,882 - INFO -  Attente de 60 minutes... (Ctrl+C pour interrompre et reprendre plus tard)
2026-05-07 02:39:09,985 - INFO - 
 CYCLE 140/168
2026-05-07 02:39:10,054 - INFO -  2026-05-07 02:39:10
2026-05-07 02:39:12,028 - INFO -  Casablanca : Temp=16.84°C, AQI=2, PM2.5=3.51
2026-05-07 02:39:15,239 - INFO -  Rabat : Temp=11.37°C, AQI=2, PM2.5=2.6
2026-05-07 02:39:18,411 - INFO -  Marrakech : Temp=15.98°C, AQI=2, PM2.5=2.77
2026-05-07 02:39:21,613 - INFO -  Fes : Temp=13.95°C, AQI=2, PM2.5=2.27
2026-05-07 02:39:24,786 - INFO -  Tanger : Temp=14.74°C, AQI=3, PM2.5=2.4
2026-05-07 02:39:27,958 - INFO -  Agadir : Temp=16.06°C, AQI=3, PM2.5=1.21
2026-05-07 02:39:28,416 - INFO -  Collecté : 6/6 villes
2026-05-07 02:39:28,768 - INFO -  Total collecté jusqu'ici : 828 enregistrements
2026-05-07 02:39:28,768 - INFO -  Attente de 60 minutes... (Ctrl+C pour interrompre et reprendre plus tard)
2026-05-07 02:57:42,195 - INFO - 
 INTERRUPTION DÉTECTÉE - Sauvegarde en cours...
2026-05-07 02:57:42,397 - INFO -  Sauvegarde terminée. 828 enregistrements préservés.
2026-05-07 02:57:42,397 - INFO -  Relancez le script pour continuer là où vous vous êtes arrêté.
2026-05-07 02:57:42,397 - INFO - 
============================================================
2026-05-07 02:57:42,401 - INFO -  RAPPORT FINAL DE COLLECTE
2026-05-07 02:57:42,402 - INFO - ============================================================
2026-05-07 02:57:42,403 - INFO -  Total enregistrements : 828
2026-05-07 02:57:42,404 - INFO -  Par ville :
2026-05-07 02:57:42,405 - INFO -    - Casablanca: 138 enregistrements
2026-05-07 02:57:42,406 - INFO -    - Rabat: 139 enregistrements
2026-05-07 02:57:42,411 - INFO -    - Marrakech: 138 enregistrements
2026-05-07 02:57:42,417 - INFO -    - Fes: 138 enregistrements
2026-05-07 02:57:42,418 - INFO -    - Tanger: 138 enregistrements
2026-05-07 02:57:42,419 - INFO -    - Agadir: 137 enregistrements
2026-05-07 02:57:42,420 - INFO -  Échecs : 15
2026-05-07 02:57:42,755 - INFO -  Données sauvegardées dans : C:\Users\safawardi\Documents\IA2_bdsi\projet_air_quality\data\raw\air_quality_20260507_025742.csv
2026-05-07 02:57:42,785 - INFO -  Version consolidée : C:\Users\safawardi\Documents\IA2_bdsi\projet_air_quality\data\raw\air_quality_latest.csv
2026-05-07 02:57:42,786 - INFO - ============================================================
2026-05-07 02:57:42,787 - INFO - Collecte terminée !
