2026-05-08 09:11:17,012 - INFO -  Progression chargée : 153/168 collectes effectuées
2026-05-08 09:11:17,016 - INFO - ============================================================
2026-05-08 09:11:17,019 - INFO -  DÉMARRAGE DE LA COLLECTE AUTOMATIQUE
2026-05-08 09:11:17,019 - INFO -  Planifié : 168 cycles
2026-05-08 09:11:17,020 - INFO -  Villes : Casablanca, Rabat, Marrakech, Fes, Tanger, Agadir
2026-05-08 09:11:17,051 - INFO - ============================================================
2026-05-08 09:11:17,062 - INFO - 
 CYCLE 154/168
2026-05-08 09:11:17,067 - INFO -  2026-05-08 09:11:17
2026-05-08 09:11:18,785 - INFO -  Casablanca : Temp=17.73°C, AQI=2, PM2.5=5.17
2026-05-08 09:11:22,042 - INFO -  Rabat : Temp=15.37°C, AQI=1, PM2.5=3.68
2026-05-08 09:11:25,452 - INFO -  Marrakech : Temp=14.98°C, AQI=2, PM2.5=3.57
2026-05-08 09:11:28,730 - INFO -  Fes : Temp=14.95°C, AQI=1, PM2.5=2.15
2026-05-08 09:11:31,923 - INFO -  Tanger : Temp=17.74°C, AQI=2, PM2.5=2.55
2026-05-08 09:11:35,596 - INFO -  Agadir : Temp=16.06°C, AQI=3, PM2.5=0.82
2026-05-08 09:11:35,688 - INFO -  Collecté : 6/6 villes
2026-05-08 09:11:35,824 - INFO -  Total collecté jusqu'ici : 912 enregistrements
2026-05-08 09:11:35,826 - INFO -  Attente de 60 minutes... (Ctrl+C pour interrompre et reprendre plus tard)
2026-05-08 10:11:35,889 - INFO - 
 CYCLE 155/168
2026-05-08 10:11:35,896 - INFO -  2026-05-08 10:11:35
2026-05-08 10:11:37,528 - INFO -  Casablanca : Temp=18.9°C, AQI=2, PM2.5=5.62
2026-05-08 10:11:40,782 - INFO -  Rabat : Temp=19.37°C, AQI=1, PM2.5=4.02
2026-05-08 10:11:44,086 - INFO -  Marrakech : Temp=18.98°C, AQI=2, PM2.5=3.69
2026-05-08 10:11:47,386 - INFO -  Fes : Temp=16.95°C, AQI=1, PM2.5=2.36
2026-05-08 10:11:50,768 - INFO -  Tanger : Temp=17.74°C, AQI=2, PM2.5=2.83
2026-05-08 10:11:54,084 - INFO -  Agadir : Temp=18.06°C, AQI=3, PM2.5=0.77
2026-05-08 10:11:54,203 - INFO -  Collecté : 6/6 villes
2026-05-08 10:11:54,290 - INFO -  Total collecté jusqu'ici : 918 enregistrements
2026-05-08 10:11:54,290 - INFO -  Attente de 60 minutes... (Ctrl+C pour interrompre et reprendre plus tard)
2026-05-08 11:11:54,332 - INFO - 
 CYCLE 156/168
2026-05-08 11:11:54,332 - INFO -  2026-05-08 11:11:54
2026-05-08 11:11:55,936 - INFO -  Casablanca : Temp=19.95°C, AQI=3, PM2.5=6.15
2026-05-08 11:11:59,227 - INFO -  Rabat : Temp=21.37°C, AQI=3, PM2.5=4.52
2026-05-08 11:12:02,439 - INFO -  Marrakech : Temp=19.02°C, AQI=3, PM2.5=2.37
2026-05-08 11:12:05,659 - INFO -  Fes : Temp=19.95°C, AQI=2, PM2.5=3.15
2026-05-08 11:12:08,870 - INFO -  Tanger : Temp=19.74°C, AQI=3, PM2.5=2.4
2026-05-08 11:12:12,093 - INFO -  Agadir : Temp=20.06°C, AQI=3, PM2.5=0.74
2026-05-08 11:12:12,276 - INFO -  Collecté : 6/6 villes
2026-05-08 11:12:12,365 - INFO -  Total collecté jusqu'ici : 924 enregistrements
2026-05-08 11:12:12,366 - INFO -  Attente de 60 minutes... (Ctrl+C pour interrompre et reprendre plus tard)
2026-05-08 12:12:12,403 - INFO - 
 CYCLE 157/168
2026-05-08 12:12:12,406 - INFO -  2026-05-08 12:12:12
2026-05-08 12:12:14,090 - INFO -  Casablanca : Temp=21.01°C, AQI=3, PM2.5=5.39
2026-05-08 12:12:17,366 - INFO -  Rabat : Temp=21.37°C, AQI=3, PM2.5=4.93
2026-05-08 12:12:20,647 - INFO -  Marrakech : Temp=21.98°C, AQI=3, PM2.5=2.07
2026-05-08 12:12:23,933 - INFO -  Fes : Temp=20.95°C, AQI=2, PM2.5=3.65
2026-05-08 12:12:27,217 - INFO -  Tanger : Temp=21.74°C, AQI=3, PM2.5=2.59
2026-05-08 12:12:30,441 - INFO -  Agadir : Temp=22.06°C, AQI=3, PM2.5=0.73
2026-05-08 12:12:30,566 - INFO -  Collecté : 6/6 villes
2026-05-08 12:12:30,657 - INFO -  Total collecté jusqu'ici : 930 enregistrements
2026-05-08 12:12:30,657 - INFO -  Attente de 60 minutes... (Ctrl+C pour interrompre et reprendre plus tard)
2026-05-08 13:12:32,040 - INFO - 
 CYCLE 158/168
2026-05-08 13:12:32,243 - INFO -  2026-05-08 13:12:32
2026-05-08 13:12:36,254 - INFO -  Casablanca : Temp=20.01°C, AQI=3, PM2.5=5.03
2026-05-08 13:12:39,457 - INFO -  Rabat : Temp=21.37°C, AQI=3, PM2.5=5.75
2026-05-08 13:12:42,656 - INFO -  Marrakech : Temp=21.98°C, AQI=3, PM2.5=2.11
2026-05-08 13:12:46,113 - INFO -  Fes : Temp=21.95°C, AQI=2, PM2.5=4.08
2026-05-08 13:12:49,281 - INFO -  Tanger : Temp=21.74°C, AQI=3, PM2.5=2.88
2026-05-08 13:12:52,714 - INFO -  Agadir : Temp=22.06°C, AQI=3, PM2.5=0.72
2026-05-08 13:12:53,466 - INFO -  Collecté : 6/6 villes
2026-05-08 13:12:54,389 - INFO -  Total collecté jusqu'ici : 936 enregistrements
2026-05-08 13:12:54,393 - INFO -  Attente de 60 minutes... (Ctrl+C pour interrompre et reprendre plus tard)
2026-05-08 14:12:54,709 - INFO - 
 CYCLE 159/168
2026-05-08 14:12:54,765 - INFO -  2026-05-08 14:12:54
2026-05-08 14:12:56,876 - INFO -  Casablanca : Temp=19.99°C, AQI=3, PM2.5=5.34
2026-05-08 14:13:00,348 - INFO -  Rabat : Temp=21.37°C, AQI=3, PM2.5=6.77
2026-05-08 14:13:03,934 - INFO -  Marrakech : Temp=22.98°C, AQI=3, PM2.5=1.91
2026-05-08 14:13:07,179 - INFO -  Fes : Temp=23.95°C, AQI=2, PM2.5=4.35
2026-05-08 14:13:10,697 - INFO -  Tanger : Temp=22.74°C, AQI=3, PM2.5=3.21
2026-05-08 14:13:14,465 - INFO -  Agadir : Temp=23.06°C, AQI=3, PM2.5=0.8
2026-05-08 14:13:14,694 - INFO -  Collecté : 6/6 villes
2026-05-08 14:13:14,874 - INFO -  Total collecté jusqu'ici : 942 enregistrements
2026-05-08 14:13:14,874 - INFO -  Attente de 60 minutes... (Ctrl+C pour interrompre et reprendre plus tard)
2026-05-08 15:13:15,183 - INFO - 
 CYCLE 160/168
2026-05-08 15:13:15,194 - INFO -  2026-05-08 15:13:15
2026-05-08 15:13:16,898 - INFO -  Casablanca : Temp=20.51°C, AQI=3, PM2.5=4.21
2026-05-08 15:13:20,170 - INFO -  Rabat : Temp=21.37°C, AQI=3, PM2.5=6.9
2026-05-08 15:13:23,431 - INFO -  Marrakech : Temp=23.98°C, AQI=3, PM2.5=2.04
2026-05-08 15:13:26,686 - INFO -  Fes : Temp=22.95°C, AQI=2, PM2.5=4.41
2026-05-08 15:13:29,963 - INFO -  Tanger : Temp=22.83°C, AQI=3, PM2.5=2.96
2026-05-08 15:13:33,144 - INFO -  Agadir : Temp=22.06°C, AQI=3, PM2.5=0.81
2026-05-08 15:13:33,276 - INFO -  Collecté : 6/6 villes
2026-05-08 15:13:33,368 - INFO -  Total collecté jusqu'ici : 948 enregistrements
2026-05-08 15:13:33,368 - INFO -  Attente de 60 minutes... (Ctrl+C pour interrompre et reprendre plus tard)
2026-05-08 16:13:33,700 - INFO - 
 CYCLE 161/168
2026-05-08 16:13:33,730 - INFO -  2026-05-08 16:13:33
2026-05-08 16:13:35,666 - INFO -  Casablanca : Temp=21.01°C, AQI=3, PM2.5=3.31
2026-05-08 16:13:41,536 - INFO -  Rabat : Temp=20.37°C, AQI=3, PM2.5=6.96
2026-05-08 16:13:47,443 - INFO -  Marrakech : Temp=24.98°C, AQI=3, PM2.5=2.26
2026-05-08 16:13:50,943 - INFO -  Fes : Temp=22.95°C, AQI=2, PM2.5=4.48
2026-05-08 16:13:54,593 - INFO -  Tanger : Temp=22.74°C, AQI=3, PM2.5=2.62
2026-05-08 16:13:57,806 - INFO -  Agadir : Temp=22.06°C, AQI=3, PM2.5=0.82
2026-05-08 16:13:58,431 - INFO -  Collecté : 6/6 villes
2026-05-08 16:13:58,757 - INFO -  Total collecté jusqu'ici : 954 enregistrements
2026-05-08 16:13:58,757 - INFO -  Attente de 60 minutes... (Ctrl+C pour interrompre et reprendre plus tard)
2026-05-08 17:13:58,914 - INFO - 
 CYCLE 162/168
2026-05-08 17:13:58,973 - INFO -  2026-05-08 17:13:58
2026-05-08 17:14:04,833 - INFO -  Casablanca : Temp=20°C, AQI=3, PM2.5=2.6
2026-05-08 17:14:08,204 - INFO -  Rabat : Temp=21.35°C, AQI=3, PM2.5=6.82
2026-05-08 17:14:11,798 - INFO -  Marrakech : Temp=23.98°C, AQI=3, PM2.5=2.59
2026-05-08 17:14:15,382 - INFO -  Fes : Temp=23.95°C, AQI=2, PM2.5=4.63
2026-05-08 17:14:19,066 - INFO -  Tanger : Temp=22.74°C, AQI=3, PM2.5=2.26
2026-05-08 17:14:22,749 - INFO -  Agadir : Temp=21.06°C, AQI=3, PM2.5=0.82
2026-05-08 17:14:23,113 - INFO -  Collecté : 6/6 villes
2026-05-08 17:14:23,291 - INFO -  Total collecté jusqu'ici : 960 enregistrements
2026-05-08 17:14:23,292 - INFO -  Attente de 60 minutes... (Ctrl+C pour interrompre et reprendre plus tard)
2026-05-08 17:16:27,535 - INFO - 
 INTERRUPTION DÉTECTÉE - Sauvegarde en cours...
2026-05-08 17:16:27,724 - INFO -  Sauvegarde terminée. 960 enregistrements préservés.
2026-05-08 17:16:27,724 - INFO -  Relancez le script pour continuer là où vous vous êtes arrêté.
2026-05-08 17:16:27,725 - INFO - 
============================================================
2026-05-08 17:16:27,725 - INFO -  RAPPORT FINAL DE COLLECTE
2026-05-08 17:16:27,726 - INFO - ============================================================
2026-05-08 17:16:27,726 - INFO -  Total enregistrements : 960
2026-05-08 17:16:27,726 - INFO -  Par ville :
2026-05-08 17:16:27,726 - INFO -    - Casablanca: 160 enregistrements
2026-05-08 17:16:27,726 - INFO -    - Rabat: 161 enregistrements
2026-05-08 17:16:27,727 - INFO -    - Marrakech: 160 enregistrements
2026-05-08 17:16:27,727 - INFO -    - Fes: 160 enregistrements
2026-05-08 17:16:27,727 - INFO -    - Tanger: 160 enregistrements
2026-05-08 17:16:27,727 - INFO -    - Agadir: 159 enregistrements
2026-05-08 17:16:27,728 - INFO -  Échecs : 15
2026-05-08 17:16:28,159 - INFO -  Données sauvegardées dans : C:\Users\safawardi\Documents\IA2_bdsi\projet_air_quality\data\raw\air_quality_20260508_171627.csv
2026-05-08 17:16:28,207 - INFO -  Version consolidée : C:\Users\safawardi\Documents\IA2_bdsi\projet_air_quality\data\raw\air_quality_latest.csv
2026-05-08 17:16:28,208 - INFO - ============================================================
2026-05-08 17:16:28,212 - INFO - Collecte terminée !
2026-05-08 21:14:57,194 - INFO -  Progression chargée : 162/168 collectes effectuées
2026-05-08 21:14:57,207 - INFO - ============================================================
2026-05-08 21:14:57,207 - INFO -  DÉMARRAGE DE LA COLLECTE AUTOMATIQUE
2026-05-08 21:14:57,212 - INFO -  Planifié : 168 cycles
2026-05-08 21:14:57,216 - INFO -  Villes : Casablanca, Rabat, Marrakech, Fes, Tanger, Agadir
2026-05-08 21:14:57,265 - INFO - ============================================================
2026-05-08 21:14:57,269 - INFO - 
 CYCLE 163/168
2026-05-08 21:14:57,270 - INFO -  2026-05-08 21:14:57
2026-05-08 21:15:01,995 - INFO -  Casablanca : Temp=17.89°C, AQI=3, PM2.5=1.44
2026-05-08 21:15:05,188 - INFO -  Rabat : Temp=17.37°C, AQI=2, PM2.5=3.37
2026-05-08 21:15:08,415 - INFO -  Marrakech : Temp=17.98°C, AQI=3, PM2.5=2.25
2026-05-08 21:15:11,819 - INFO -  Fes : Temp=17.95°C, AQI=2, PM2.5=5.62
2026-05-08 21:15:15,086 - INFO -  Tanger : Temp=18.74°C, AQI=3, PM2.5=2.54
2026-05-08 21:15:18,318 - INFO -  Agadir : Temp=17.06°C, AQI=3, PM2.5=0.79
2026-05-08 21:15:18,536 - INFO -  Collecté : 6/6 villes
2026-05-08 21:15:18,644 - INFO -  Total collecté jusqu'ici : 966 enregistrements
2026-05-08 21:15:18,645 - INFO -  Attente de 60 minutes... (Ctrl+C pour interrompre et reprendre plus tard)
2026-05-08 22:15:19,128 - INFO - 
 CYCLE 164/168
2026-05-08 22:15:19,183 - INFO -  2026-05-08 22:15:19
2026-05-08 22:15:21,024 - INFO -  Casablanca : Temp=16.84°C, AQI=3, PM2.5=1.51
2026-05-08 22:15:24,480 - INFO -  Rabat : Temp=17.37°C, AQI=2, PM2.5=2.73
2026-05-08 22:15:27,721 - INFO -  Marrakech : Temp=16.98°C, AQI=2, PM2.5=2.02
2026-05-08 22:15:31,215 - INFO -  Fes : Temp=16.95°C, AQI=2, PM2.5=6.19
2026-05-08 22:15:34,374 - INFO -  Tanger : Temp=18.74°C, AQI=3, PM2.5=2.67
2026-05-08 22:15:40,047 - INFO -  Agadir : Temp=17.06°C, AQI=3, PM2.5=0.75
2026-05-08 22:15:40,195 - INFO -  Collecté : 6/6 villes
2026-05-08 22:15:40,313 - INFO -  Total collecté jusqu'ici : 972 enregistrements
2026-05-08 22:15:40,314 - INFO -  Attente de 60 minutes... (Ctrl+C pour interrompre et reprendre plus tard)
2026-05-08 23:15:40,421 - INFO - 
 CYCLE 165/168
2026-05-08 23:15:40,479 - INFO -  2026-05-08 23:15:40
2026-05-08 23:15:42,451 - INFO -  Casablanca : Temp=18.01°C, AQI=3, PM2.5=1.6
2026-05-08 23:15:45,631 - INFO -  Rabat : Temp=17.37°C, AQI=2, PM2.5=2.33
2026-05-08 23:15:48,843 - WARNING -  Tentative 1/3 échouée pour Marrakech : ('Connection aborted.', RemoteDisconnected('Remote end closed connection without response'))
2026-05-08 23:16:00,572 - INFO -  Marrakech : Temp=15.98°C, AQI=2, PM2.5=1.83
2026-05-08 23:16:03,767 - INFO -  Fes : Temp=15.95°C, AQI=2, PM2.5=6.57
2026-05-08 23:16:07,010 - INFO -  Tanger : Temp=18.74°C, AQI=3, PM2.5=2.55
2026-05-08 23:16:10,397 - INFO -  Agadir : Temp=16.06°C, AQI=3, PM2.5=0.73
2026-05-08 23:16:10,819 - INFO -  Collecté : 6/6 villes
2026-05-08 23:16:11,280 - INFO -  Total collecté jusqu'ici : 978 enregistrements
2026-05-08 23:16:11,281 - INFO -  Attente de 60 minutes... (Ctrl+C pour interrompre et reprendre plus tard)
2026-05-09 00:16:11,401 - INFO - 
 CYCLE 166/168
2026-05-09 00:16:11,466 - INFO -  2026-05-09 00:16:11
2026-05-09 00:16:13,461 - INFO -  Casablanca : Temp=17.39°C, AQI=2, PM2.5=1.73
2026-05-09 00:16:16,640 - INFO -  Rabat : Temp=17.37°C, AQI=2, PM2.5=2.15
2026-05-09 00:16:19,806 - INFO -  Marrakech : Temp=15.98°C, AQI=2, PM2.5=1.71
2026-05-09 00:16:23,342 - INFO -  Fes : Temp=15.95°C, AQI=2, PM2.5=6.99
2026-05-09 00:16:29,054 - INFO -  Tanger : Temp=17.74°C, AQI=3, PM2.5=2.25
2026-05-09 00:16:32,325 - INFO -  Agadir : Temp=15.06°C, AQI=3, PM2.5=0.75
2026-05-09 00:16:32,921 - INFO -  Collecté : 6/6 villes
2026-05-09 00:16:33,123 - INFO -  Total collecté jusqu'ici : 984 enregistrements
2026-05-09 00:16:33,124 - INFO -  Attente de 60 minutes... (Ctrl+C pour interrompre et reprendre plus tard)
2026-05-09 00:37:33,174 - INFO - 
 INTERRUPTION DÉTECTÉE - Sauvegarde en cours...
2026-05-09 00:37:33,470 - INFO -  Sauvegarde terminée. 984 enregistrements préservés.
2026-05-09 00:37:33,471 - INFO -  Relancez le script pour continuer là où vous vous êtes arrêté.
2026-05-09 00:37:33,481 - INFO - 
============================================================
2026-05-09 00:37:33,482 - INFO -  RAPPORT FINAL DE COLLECTE
2026-05-09 00:37:33,483 - INFO - ============================================================
2026-05-09 00:37:33,484 - INFO -  Total enregistrements : 984
2026-05-09 00:37:33,488 - INFO -  Par ville :
2026-05-09 00:37:33,492 - INFO -    - Casablanca: 164 enregistrements
2026-05-09 00:37:33,498 - INFO -    - Rabat: 165 enregistrements
2026-05-09 00:37:33,498 - INFO -    - Marrakech: 164 enregistrements
2026-05-09 00:37:33,505 - INFO -    - Fes: 164 enregistrements
2026-05-09 00:37:33,507 - INFO -    - Tanger: 164 enregistrements
2026-05-09 00:37:33,512 - INFO -    - Agadir: 163 enregistrements
2026-05-09 00:37:33,517 - INFO -  Échecs : 15
2026-05-09 00:37:33,991 - INFO -  Données sauvegardées dans : C:\Users\safawardi\Documents\IA2_bdsi\projet_air_quality\data\raw\air_quality_20260509_003733.csv
2026-05-09 00:37:34,060 - INFO -  Version consolidée : C:\Users\safawardi\Documents\IA2_bdsi\projet_air_quality\data\raw\air_quality_latest.csv
2026-05-09 00:37:34,061 - INFO - ============================================================
2026-05-09 00:37:34,068 - INFO - Collecte terminée !
