2026-04-29 14:12:46,003 - INFO -  Progression chargée : 37/168 collectes effectuées
2026-04-29 14:12:46,004 - INFO - ============================================================
2026-04-29 14:12:46,005 - INFO -  DÉMARRAGE DE LA COLLECTE AUTOMATIQUE
2026-04-29 14:12:46,005 - INFO -  Planifié : 168 cycles
2026-04-29 14:12:46,005 - INFO -  Villes : Casablanca, Rabat, Marrakech, Fes, Tanger, Agadir
2026-04-29 14:12:46,013 - INFO - ============================================================
2026-04-29 14:12:46,014 - INFO - 
 CYCLE 38/168
2026-04-29 14:12:46,014 - INFO -  2026-04-29 14:12:46
2026-04-29 14:12:47,795 - INFO -  Casablanca : Temp=19.93°C, AQI=2, PM2.5=4.36
2026-04-29 14:12:51,212 - INFO -  Rabat : Temp=20.37°C, AQI=2, PM2.5=4.62
2026-04-29 14:12:54,657 - INFO -  Marrakech : Temp=19.98°C, AQI=2, PM2.5=2.74
2026-04-29 14:12:57,944 - INFO -  Fes : Temp=18.95°C, AQI=2, PM2.5=2.33
2026-04-29 14:13:01,207 - INFO -  Tanger : Temp=18.74°C, AQI=3, PM2.5=3.2
2026-04-29 14:13:04,500 - INFO -  Agadir : Temp=24.06°C, AQI=2, PM2.5=3.59
2026-04-29 14:13:04,541 - INFO -  Collecté : 6/6 villes
2026-04-29 14:13:04,567 - INFO -  Total collecté jusqu'ici : 227 enregistrements
2026-04-29 14:13:04,568 - INFO -  Attente de 60 minutes... (Ctrl+C pour interrompre et reprendre plus tard)
2026-04-29 15:13:04,603 - INFO - 
 CYCLE 39/168
2026-04-29 15:13:04,606 - INFO -  2026-04-29 15:13:04
2026-04-29 15:13:06,259 - INFO -  Casablanca : Temp=19.93°C, AQI=2, PM2.5=3.99
2026-04-29 15:13:09,746 - INFO -  Rabat : Temp=20.37°C, AQI=2, PM2.5=4.3
2026-04-29 15:13:12,964 - INFO -  Marrakech : Temp=20.98°C, AQI=2, PM2.5=2.35
2026-04-29 15:13:16,199 - INFO -  Fes : Temp=19.95°C, AQI=2, PM2.5=3.03
2026-04-29 15:13:19,509 - INFO -  Tanger : Temp=18.74°C, AQI=3, PM2.5=3.16
2026-04-29 15:13:22,794 - INFO -  Agadir : Temp=26.06°C, AQI=2, PM2.5=2.86
2026-04-29 15:13:22,841 - INFO -  Collecté : 6/6 villes
2026-04-29 15:13:22,870 - INFO -  Total collecté jusqu'ici : 233 enregistrements
2026-04-29 15:13:22,870 - INFO -  Attente de 60 minutes... (Ctrl+C pour interrompre et reprendre plus tard)
2026-04-29 16:13:23,136 - INFO - 
 CYCLE 40/168
2026-04-29 16:13:23,144 - INFO -  2026-04-29 16:13:23
2026-04-29 16:13:24,883 - INFO -  Casablanca : Temp=20.01°C, AQI=2, PM2.5=3.82
2026-04-29 16:13:28,250 - INFO -  Rabat : Temp=21.37°C, AQI=2, PM2.5=4.38
2026-04-29 16:13:31,501 - INFO -  Marrakech : Temp=21.98°C, AQI=2, PM2.5=2.56
2026-04-29 16:13:34,794 - INFO -  Fes : Temp=19.95°C, AQI=2, PM2.5=3.36
2026-04-29 16:13:38,090 - INFO -  Tanger : Temp=18.74°C, AQI=2, PM2.5=2.78
2026-04-29 16:13:41,464 - INFO -  Agadir : Temp=25.06°C, AQI=2, PM2.5=2.77
2026-04-29 16:13:41,599 - INFO -  Collecté : 6/6 villes
2026-04-29 16:13:41,718 - INFO -  Total collecté jusqu'ici : 239 enregistrements
2026-04-29 16:13:41,719 - INFO -  Attente de 60 minutes... (Ctrl+C pour interrompre et reprendre plus tard)
2026-04-29 17:13:41,796 - INFO - 
 CYCLE 41/168
2026-04-29 17:13:41,799 - INFO -  2026-04-29 17:13:41
2026-04-29 17:13:44,187 - INFO -  Casablanca : Temp=19.99°C, AQI=2, PM2.5=3.81
2026-04-29 17:13:47,441 - INFO -  Rabat : Temp=20.35°C, AQI=2, PM2.5=4.38
2026-04-29 17:13:51,045 - INFO -  Marrakech : Temp=21.98°C, AQI=2, PM2.5=3
2026-04-29 17:13:54,428 - INFO -  Fes : Temp=19.97°C, AQI=2, PM2.5=3.87
2026-04-29 17:13:57,891 - INFO -  Tanger : Temp=18.74°C, AQI=2, PM2.5=2.46
2026-04-29 17:14:01,391 - INFO -  Agadir : Temp=25.06°C, AQI=2, PM2.5=2.53
2026-04-29 17:14:01,516 - INFO -  Collecté : 6/6 villes
2026-04-29 17:14:01,610 - INFO -  Total collecté jusqu'ici : 245 enregistrements
2026-04-29 17:14:01,612 - INFO -  Attente de 60 minutes... (Ctrl+C pour interrompre et reprendre plus tard)
2026-04-29 18:14:01,648 - INFO - 
 CYCLE 42/168
2026-04-29 18:14:01,651 - INFO -  2026-04-29 18:14:01
2026-04-29 18:14:03,447 - INFO -  Casablanca : Temp=19.99°C, AQI=2, PM2.5=3.91
2026-04-29 18:14:06,766 - INFO -  Rabat : Temp=20.37°C, AQI=2, PM2.5=4.32
2026-04-29 18:14:10,313 - INFO -  Marrakech : Temp=21.96°C, AQI=2, PM2.5=3.58
2026-04-29 18:14:13,687 - INFO -  Fes : Temp=18.95°C, AQI=2, PM2.5=4.4
2026-04-29 18:14:17,068 - INFO -  Tanger : Temp=18.74°C, AQI=2, PM2.5=2.27
2026-04-29 18:14:20,563 - INFO -  Agadir : Temp=24.06°C, AQI=2, PM2.5=2.31
2026-04-29 18:14:20,681 - INFO -  Collecté : 6/6 villes
2026-04-29 18:14:20,768 - INFO -  Total collecté jusqu'ici : 251 enregistrements
2026-04-29 18:14:20,768 - INFO -  Attente de 60 minutes... (Ctrl+C pour interrompre et reprendre plus tard)
2026-04-29 19:14:20,882 - INFO - 
 CYCLE 43/168
2026-04-29 19:14:20,883 - INFO -  2026-04-29 19:14:20
2026-04-29 19:14:22,492 - INFO -  Casablanca : Temp=18.95°C, AQI=2, PM2.5=3.96
2026-04-29 19:14:25,811 - INFO -  Rabat : Temp=19.37°C, AQI=2, PM2.5=4.2
2026-04-29 19:14:29,077 - INFO -  Marrakech : Temp=21.98°C, AQI=2, PM2.5=4.04
2026-04-29 19:14:32,299 - INFO -  Fes : Temp=17.95°C, AQI=2, PM2.5=4.62
2026-04-29 19:14:35,522 - INFO -  Tanger : Temp=17.74°C, AQI=2, PM2.5=2.17
2026-04-29 19:14:38,774 - INFO -  Agadir : Temp=21.06°C, AQI=2, PM2.5=2.15
2026-04-29 19:14:38,817 - INFO -  Collecté : 6/6 villes
2026-04-29 19:14:38,871 - INFO -  Total collecté jusqu'ici : 257 enregistrements
2026-04-29 19:14:38,872 - INFO -  Attente de 60 minutes... (Ctrl+C pour interrompre et reprendre plus tard)
2026-04-29 20:14:39,387 - INFO - 
 CYCLE 44/168
2026-04-29 20:14:39,406 - INFO -  2026-04-29 20:14:39
2026-04-29 20:14:41,784 - INFO -  Casablanca : Temp=18.44°C, AQI=2, PM2.5=3.95
2026-04-29 20:14:45,387 - INFO -  Rabat : Temp=18.37°C, AQI=2, PM2.5=4.09
2026-04-29 20:14:48,944 - INFO -  Marrakech : Temp=20.98°C, AQI=2, PM2.5=4.2
2026-04-29 20:14:52,429 - INFO -  Fes : Temp=16.95°C, AQI=2, PM2.5=4.64
2026-04-29 20:14:56,113 - INFO -  Tanger : Temp=16.74°C, AQI=2, PM2.5=2.14
2026-04-29 20:14:59,413 - INFO -  Agadir : Temp=19.06°C, AQI=2, PM2.5=2.03
2026-04-29 20:14:59,562 - INFO -  Collecté : 6/6 villes
2026-04-29 20:14:59,670 - INFO -  Total collecté jusqu'ici : 263 enregistrements
2026-04-29 20:14:59,670 - INFO -  Attente de 60 minutes... (Ctrl+C pour interrompre et reprendre plus tard)
2026-04-29 21:14:59,729 - INFO - 
 CYCLE 45/168
2026-04-29 21:14:59,737 - INFO -  2026-04-29 21:14:59
2026-04-29 21:15:03,434 - INFO -  Casablanca : Temp=17.89°C, AQI=2, PM2.5=4.01
2026-04-29 21:15:07,945 - INFO -  Rabat : Temp=18.37°C, AQI=2, PM2.5=4.06
2026-04-29 21:15:11,321 - INFO -  Marrakech : Temp=19.98°C, AQI=2, PM2.5=4.24
2026-04-29 21:15:14,599 - INFO -  Fes : Temp=16.95°C, AQI=2, PM2.5=4.6
2026-04-29 21:15:17,983 - INFO -  Tanger : Temp=15.74°C, AQI=2, PM2.5=2.15
2026-04-29 21:15:22,689 - INFO -  Agadir : Temp=18.06°C, AQI=2, PM2.5=2.03
2026-04-29 21:15:22,819 - INFO -  Collecté : 6/6 villes
2026-04-29 21:15:22,858 - INFO -  Total collecté jusqu'ici : 269 enregistrements
2026-04-29 21:15:22,858 - INFO -  Attente de 60 minutes... (Ctrl+C pour interrompre et reprendre plus tard)
2026-04-29 22:15:22,898 - INFO - 
 CYCLE 46/168
2026-04-29 22:15:22,900 - INFO -  2026-04-29 22:15:22
2026-04-29 22:15:24,785 - INFO -  Casablanca : Temp=17.77°C, AQI=2, PM2.5=4.1
2026-04-29 22:15:28,882 - INFO -  Rabat : Temp=18.37°C, AQI=2, PM2.5=4.03
2026-04-29 22:15:32,413 - INFO -  Marrakech : Temp=19.98°C, AQI=2, PM2.5=4.22
2026-04-29 22:15:36,073 - INFO -  Fes : Temp=15.95°C, AQI=2, PM2.5=4.53
2026-04-29 22:15:39,924 - INFO -  Tanger : Temp=15.74°C, AQI=2, PM2.5=2.13
2026-04-29 22:15:43,485 - INFO -  Agadir : Temp=18.06°C, AQI=2, PM2.5=2.02
2026-04-29 22:15:43,573 - INFO -  Collecté : 6/6 villes
2026-04-29 22:15:43,641 - INFO -  Total collecté jusqu'ici : 275 enregistrements
2026-04-29 22:15:43,641 - INFO -  Attente de 60 minutes... (Ctrl+C pour interrompre et reprendre plus tard)
2026-04-29 23:15:43,867 - INFO - 
 CYCLE 47/168
2026-04-29 23:15:43,882 - INFO -  2026-04-29 23:15:43
2026-04-29 23:15:50,727 - INFO -  Casablanca : Temp=17.77°C, AQI=2, PM2.5=4.2
2026-04-29 23:15:53,936 - INFO -  Rabat : Temp=17.37°C, AQI=2, PM2.5=3.97
2026-04-29 23:15:59,603 - INFO -  Marrakech : Temp=19.98°C, AQI=2, PM2.5=4.02
2026-04-29 23:16:03,781 - INFO -  Fes : Temp=16.95°C, AQI=2, PM2.5=4.45
2026-04-29 23:16:07,689 - INFO -  Tanger : Temp=14.74°C, AQI=2, PM2.5=2.09
2026-04-29 23:16:29,841 - INFO -  Agadir : Temp=17.06°C, AQI=2, PM2.5=1.97
2026-04-29 23:16:29,897 - INFO -  Collecté : 6/6 villes
2026-04-29 23:16:29,936 - INFO -  Total collecté jusqu'ici : 281 enregistrements
2026-04-29 23:16:29,937 - INFO -  Attente de 60 minutes... (Ctrl+C pour interrompre et reprendre plus tard)
2026-04-30 00:16:29,980 - INFO - 
 CYCLE 48/168
2026-04-30 00:16:29,983 - INFO -  2026-04-30 00:16:29
2026-04-30 00:16:32,273 - INFO -  Casablanca : Temp=16.84°C, AQI=2, PM2.5=4.4
2026-04-30 00:16:36,113 - INFO -  Rabat : Temp=17.37°C, AQI=2, PM2.5=4.01
2026-04-30 00:16:39,310 - INFO -  Marrakech : Temp=17.98°C, AQI=2, PM2.5=3.95
2026-04-30 00:16:42,518 - INFO -  Fes : Temp=16.95°C, AQI=1, PM2.5=4.43
2026-04-30 00:16:45,734 - INFO -  Tanger : Temp=13.74°C, AQI=2, PM2.5=2.04
2026-04-30 00:16:49,340 - INFO -  Agadir : Temp=17.06°C, AQI=2, PM2.5=1.92
2026-04-30 00:16:49,418 - INFO -  Collecté : 6/6 villes
2026-04-30 00:16:49,461 - INFO -  Total collecté jusqu'ici : 287 enregistrements
2026-04-30 00:16:49,462 - INFO -  Attente de 60 minutes... (Ctrl+C pour interrompre et reprendre plus tard)
2026-04-30 00:17:43,431 - INFO - 
 INTERRUPTION DÉTECTÉE - Sauvegarde en cours...
2026-04-30 00:17:43,546 - INFO -  Sauvegarde terminée. 287 enregistrements préservés.
2026-04-30 00:17:43,547 - INFO -  Relancez le script pour continuer là où vous vous êtes arrêté.
2026-04-30 00:17:43,549 - INFO - 
============================================================
2026-04-30 00:17:43,550 - INFO -  RAPPORT FINAL DE COLLECTE
2026-04-30 00:17:43,552 - INFO - ============================================================
2026-04-30 00:17:43,556 - INFO -  Total enregistrements : 287
2026-04-30 00:17:43,558 - INFO -  Par ville :
2026-04-30 00:17:43,561 - INFO -    - Casablanca: 47 enregistrements
2026-04-30 00:17:43,568 - INFO -    - Rabat: 49 enregistrements
2026-04-30 00:17:43,570 - INFO -    - Marrakech: 48 enregistrements
2026-04-30 00:17:43,575 - INFO -    - Fes: 48 enregistrements
2026-04-30 00:17:43,578 - INFO -    - Tanger: 48 enregistrements
2026-04-30 00:17:43,583 - INFO -    - Agadir: 47 enregistrements
2026-04-30 00:17:43,585 - INFO -  Échecs : 3
2026-04-30 00:17:44,000 - INFO -  Données sauvegardées dans : C:\Users\safawardi\Documents\IA2_bdsi\projet_air_quality\data\raw\air_quality_20260430_001743.csv
2026-04-30 00:17:44,019 - INFO -  Version consolidée : C:\Users\safawardi\Documents\IA2_bdsi\projet_air_quality\data\raw\air_quality_latest.csv
2026-04-30 00:17:44,020 - INFO - ============================================================
2026-04-30 00:17:44,022 - INFO - Collecte terminée !
