2026-04-28 10:31:15,793 - INFO -  Progression chargée : 26/168 collectes effectuées
2026-04-28 10:31:15,793 - INFO - ============================================================
2026-04-28 10:31:15,793 - INFO -  DÉMARRAGE DE LA COLLECTE AUTOMATIQUE
2026-04-28 10:31:15,793 - INFO -  Planifié : 168 cycles
2026-04-28 10:31:15,793 - INFO -  Villes : Casablanca, Rabat, Marrakech, Fes, Tanger, Agadir
2026-04-28 10:31:15,803 - INFO - ============================================================
2026-04-28 10:31:15,803 - INFO - 
 CYCLE 27/168
2026-04-28 10:31:15,803 - INFO -  2026-04-28 10:31:15
2026-04-28 10:31:15,823 - WARNING -  Tentative 1/3 échouée pour Casablanca : HTTPSConnectionPool(host='api.openweathermap.org', port=443): Max retries exceeded with url: /data/2.5/weather?lat=33.5731&lon=-7.5898&appid=3fdb5f73f24ccda1ee902717c594a85d&units=metric (Caused by NameResolutionError("<urllib3.connection.HTTPSConnection object at 0x000002215979FC90>: Failed to resolve 'api.openweathermap.org' ([Errno 11001] getaddrinfo failed)"))
2026-04-28 10:31:25,830 - WARNING -  Tentative 2/3 échouée pour Casablanca : HTTPSConnectionPool(host='api.openweathermap.org', port=443): Max retries exceeded with url: /data/2.5/weather?lat=33.5731&lon=-7.5898&appid=3fdb5f73f24ccda1ee902717c594a85d&units=metric (Caused by NameResolutionError("<urllib3.connection.HTTPSConnection object at 0x0000022159BB5110>: Failed to resolve 'api.openweathermap.org' ([Errno 11001] getaddrinfo failed)"))
2026-04-28 10:31:37,518 - INFO -  Casablanca : Temp=20°C, AQI=2, PM2.5=4.64
2026-04-28 10:31:40,809 - INFO -  Rabat : Temp=21.35°C, AQI=2, PM2.5=4.08
2026-04-28 10:31:44,119 - INFO -  Marrakech : Temp=14.98°C, AQI=2, PM2.5=3.58
2026-04-28 10:31:47,400 - INFO -  Fes : Temp=18.95°C, AQI=2, PM2.5=4.6
2026-04-28 10:31:50,895 - INFO -  Tanger : Temp=20.74°C, AQI=2, PM2.5=7.41
2026-04-28 10:31:54,143 - INFO -  Agadir : Temp=19.06°C, AQI=2, PM2.5=1.87
2026-04-28 10:31:54,216 - INFO -  Collecté : 6/6 villes
2026-04-28 10:31:54,269 - INFO -  Total collecté jusqu'ici : 160 enregistrements
2026-04-28 10:31:54,270 - INFO -  Attente de 60 minutes... (Ctrl+C pour interrompre et reprendre plus tard)
2026-04-28 11:31:54,440 - INFO - 
 CYCLE 28/168
2026-04-28 11:31:54,544 - INFO -  2026-04-28 11:31:54
2026-04-28 11:31:57,009 - INFO -  Casablanca : Temp=21.84°C, AQI=2, PM2.5=4.66
2026-04-28 11:32:01,192 - INFO -  Rabat : Temp=22.37°C, AQI=2, PM2.5=3.68
2026-04-28 11:32:04,564 - INFO -  Marrakech : Temp=14.98°C, AQI=2, PM2.5=3.32
2026-04-28 11:32:08,514 - INFO -  Fes : Temp=20.95°C, AQI=2, PM2.5=4.23
2026-04-28 11:32:12,313 - INFO -  Tanger : Temp=22.74°C, AQI=3, PM2.5=6.76
2026-04-28 11:32:15,940 - INFO -  Agadir : Temp=20.06°C, AQI=2, PM2.5=1.91
2026-04-28 11:32:15,981 - INFO -  Collecté : 6/6 villes
2026-04-28 11:32:16,000 - INFO -  Total collecté jusqu'ici : 166 enregistrements
2026-04-28 11:32:16,001 - INFO -  Attente de 60 minutes... (Ctrl+C pour interrompre et reprendre plus tard)
2026-04-28 12:32:16,067 - INFO - 
 CYCLE 29/168
2026-04-28 12:32:16,095 - INFO -  2026-04-28 12:32:16
2026-04-28 12:32:17,943 - INFO -  Casablanca : Temp=21.84°C, AQI=2, PM2.5=4.6
2026-04-28 12:32:21,184 - INFO -  Rabat : Temp=22.37°C, AQI=2, PM2.5=3.58
2026-04-28 12:32:24,463 - INFO -  Marrakech : Temp=17.98°C, AQI=2, PM2.5=3.08
2026-04-28 12:32:27,686 - INFO -  Fes : Temp=21.95°C, AQI=2, PM2.5=3.78
2026-04-28 12:32:30,919 - INFO -  Tanger : Temp=22.74°C, AQI=3, PM2.5=6.9
2026-04-28 12:32:34,185 - INFO -  Agadir : Temp=22.06°C, AQI=2, PM2.5=2.03
2026-04-28 12:32:34,205 - INFO -  Collecté : 6/6 villes
2026-04-28 12:32:34,224 - INFO -  Total collecté jusqu'ici : 172 enregistrements
2026-04-28 12:32:34,224 - INFO -  Attente de 60 minutes... (Ctrl+C pour interrompre et reprendre plus tard)
2026-04-28 13:49:33,442 - INFO - 
 CYCLE 30/168
2026-04-28 13:49:33,448 - INFO -  2026-04-28 13:49:33
2026-04-28 13:49:35,552 - INFO -  Casablanca : Temp=22.01°C, AQI=2, PM2.5=4.1
2026-04-28 13:49:39,253 - INFO -  Rabat : Temp=22.37°C, AQI=2, PM2.5=3.41
2026-04-28 13:49:42,781 - INFO -  Marrakech : Temp=19.98°C, AQI=2, PM2.5=2.96
2026-04-28 13:49:46,165 - INFO -  Fes : Temp=21.95°C, AQI=2, PM2.5=3.08
2026-04-28 13:49:49,951 - INFO -  Tanger : Temp=20.74°C, AQI=3, PM2.5=7.83
2026-04-28 13:49:53,431 - INFO -  Agadir : Temp=23.06°C, AQI=2, PM2.5=2.22
2026-04-28 13:49:53,547 - INFO -  Collecté : 6/6 villes
2026-04-28 13:49:53,639 - INFO -  Total collecté jusqu'ici : 178 enregistrements
2026-04-28 13:49:53,640 - INFO -  Attente de 60 minutes... (Ctrl+C pour interrompre et reprendre plus tard)
2026-04-28 15:28:18,160 - INFO - 
 INTERRUPTION DÉTECTÉE - Sauvegarde en cours...
2026-04-28 15:28:18,286 - INFO -  Sauvegarde terminée. 178 enregistrements préservés.
2026-04-28 15:28:18,288 - INFO -  Relancez le script pour continuer là où vous vous êtes arrêté.
2026-04-28 15:28:18,291 - INFO - 
============================================================
2026-04-28 15:28:18,293 - INFO -  RAPPORT FINAL DE COLLECTE
2026-04-28 15:28:18,294 - INFO - ============================================================
2026-04-28 15:28:18,296 - INFO -  Total enregistrements : 178
2026-04-28 15:28:18,296 - INFO -  Par ville :
2026-04-28 15:28:18,296 - INFO -    - Casablanca: 29 enregistrements
2026-04-28 15:28:18,299 - INFO -    - Rabat: 30 enregistrements
2026-04-28 15:28:18,299 - INFO -    - Marrakech: 30 enregistrements
2026-04-28 15:28:18,300 - INFO -    - Fes: 30 enregistrements
2026-04-28 15:28:18,301 - INFO -    - Tanger: 30 enregistrements
2026-04-28 15:28:18,301 - INFO -    - Agadir: 29 enregistrements
2026-04-28 15:28:18,302 - INFO -  Échecs : 2
2026-04-28 15:28:18,738 - INFO -  Données sauvegardées dans : C:\Users\safawardi\Documents\IA2_bdsi\projet_air_quality\data\raw\air_quality_20260428_152818.csv
2026-04-28 15:28:18,754 - INFO -  Version consolidée : C:\Users\safawardi\Documents\IA2_bdsi\projet_air_quality\data\raw\air_quality_latest.csv
2026-04-28 15:28:18,755 - INFO - ============================================================
2026-04-28 15:28:18,758 - INFO - Collecte terminée !
2026-04-28 15:28:24,360 - INFO -  Progression chargée : 30/168 collectes effectuées
2026-04-28 15:28:24,362 - INFO - ============================================================
2026-04-28 15:28:24,363 - INFO -  DÉMARRAGE DE LA COLLECTE AUTOMATIQUE
2026-04-28 15:28:24,363 - INFO -  Planifié : 168 cycles
2026-04-28 15:28:24,365 - INFO -  Villes : Casablanca, Rabat, Marrakech, Fes, Tanger, Agadir
2026-04-28 15:28:24,390 - INFO - ============================================================
2026-04-28 15:28:24,392 - INFO - 
 CYCLE 31/168
2026-04-28 15:28:24,402 - INFO -  2026-04-28 15:28:24
2026-04-28 15:28:26,556 - INFO -  Casablanca : Temp=20.01°C, AQI=3, PM2.5=3.06
2026-04-28 15:28:29,932 - INFO -  Rabat : Temp=22.37°C, AQI=2, PM2.5=2.78
2026-04-28 15:28:33,313 - INFO -  Marrakech : Temp=20.98°C, AQI=2, PM2.5=3.37
2026-04-28 15:28:36,692 - INFO -  Fes : Temp=22.95°C, AQI=2, PM2.5=4.48
2026-04-28 15:28:39,970 - INFO -  Tanger : Temp=20.74°C, AQI=3, PM2.5=8.04
2026-04-28 15:28:43,554 - INFO -  Agadir : Temp=23.06°C, AQI=2, PM2.5=3.2
2026-04-28 15:28:43,642 - INFO -  Collecté : 6/6 villes
2026-04-28 15:28:43,720 - INFO -  Total collecté jusqu'ici : 184 enregistrements
2026-04-28 15:28:43,721 - INFO -  Attente de 60 minutes... (Ctrl+C pour interrompre et reprendre plus tard)
2026-04-28 16:28:43,762 - INFO - 
 CYCLE 32/168
2026-04-28 16:28:43,765 - INFO -  2026-04-28 16:28:43
2026-04-28 16:28:45,661 - INFO -  Casablanca : Temp=19.01°C, AQI=3, PM2.5=3.61
2026-04-28 16:28:48,925 - INFO -  Rabat : Temp=21.37°C, AQI=2, PM2.5=3.24
2026-04-28 16:28:52,213 - INFO -  Marrakech : Temp=21.98°C, AQI=2, PM2.5=3.51
2026-04-28 16:28:55,662 - INFO -  Fes : Temp=22.95°C, AQI=2, PM2.5=4.15
2026-04-28 16:28:59,073 - INFO -  Tanger : Temp=19.74°C, AQI=3, PM2.5=8.71
2026-04-28 16:29:02,353 - INFO -  Agadir : Temp=22.06°C, AQI=2, PM2.5=3.49
2026-04-28 16:29:02,435 - INFO -  Collecté : 6/6 villes
2026-04-28 16:29:02,511 - INFO -  Total collecté jusqu'ici : 190 enregistrements
2026-04-28 16:29:02,512 - INFO -  Attente de 60 minutes... (Ctrl+C pour interrompre et reprendre plus tard)
2026-04-28 16:29:08,626 - INFO - 
 INTERRUPTION DÉTECTÉE - Sauvegarde en cours...
2026-04-28 16:29:08,719 - INFO -  Sauvegarde terminée. 190 enregistrements préservés.
2026-04-28 16:29:08,720 - INFO -  Relancez le script pour continuer là où vous vous êtes arrêté.
2026-04-28 16:29:08,720 - INFO - 
============================================================
2026-04-28 16:29:08,721 - INFO -  RAPPORT FINAL DE COLLECTE
2026-04-28 16:29:08,721 - INFO - ============================================================
2026-04-28 16:29:08,722 - INFO -  Total enregistrements : 190
2026-04-28 16:29:08,722 - INFO -  Par ville :
2026-04-28 16:29:08,723 - INFO -    - Casablanca: 31 enregistrements
2026-04-28 16:29:08,723 - INFO -    - Rabat: 32 enregistrements
2026-04-28 16:29:08,724 - INFO -    - Marrakech: 32 enregistrements
2026-04-28 16:29:08,724 - INFO -    - Fes: 32 enregistrements
2026-04-28 16:29:08,725 - INFO -    - Tanger: 32 enregistrements
2026-04-28 16:29:08,725 - INFO -    - Agadir: 31 enregistrements
2026-04-28 16:29:08,726 - INFO -  Échecs : 2
2026-04-28 16:29:08,743 - INFO -  Données sauvegardées dans : C:\Users\safawardi\Documents\IA2_bdsi\projet_air_quality\data\raw\air_quality_20260428_162908.csv
2026-04-28 16:29:08,751 - INFO -  Version consolidée : C:\Users\safawardi\Documents\IA2_bdsi\projet_air_quality\data\raw\air_quality_latest.csv
2026-04-28 16:29:08,751 - INFO - ============================================================
2026-04-28 16:29:08,752 - INFO - Collecte terminée !
2026-04-28 16:29:11,212 - INFO -  Progression chargée : 32/168 collectes effectuées
2026-04-28 16:29:11,213 - INFO - ============================================================
2026-04-28 16:29:11,214 - INFO -  DÉMARRAGE DE LA COLLECTE AUTOMATIQUE
2026-04-28 16:29:11,214 - INFO -  Planifié : 168 cycles
2026-04-28 16:29:11,215 - INFO -  Villes : Casablanca, Rabat, Marrakech, Fes, Tanger, Agadir
2026-04-28 16:29:11,247 - INFO - ============================================================
2026-04-28 16:29:11,251 - INFO - 
 CYCLE 33/168
2026-04-28 16:29:11,253 - INFO -  2026-04-28 16:29:11
2026-04-28 16:29:12,852 - INFO -  Casablanca : Temp=19.01°C, AQI=3, PM2.5=3.61
2026-04-28 16:29:16,380 - INFO -  Rabat : Temp=21.37°C, AQI=2, PM2.5=3.24
2026-04-28 16:29:16,656 - INFO - 
 INTERRUPTION DÉTECTÉE - Sauvegarde en cours...
2026-04-28 16:29:16,742 - INFO -  Sauvegarde terminée. 192 enregistrements préservés.
2026-04-28 16:29:16,743 - INFO -  Relancez le script pour continuer là où vous vous êtes arrêté.
2026-04-28 16:29:16,745 - INFO - 
============================================================
2026-04-28 16:29:16,745 - INFO -  RAPPORT FINAL DE COLLECTE
2026-04-28 16:29:16,747 - INFO - ============================================================
2026-04-28 16:29:16,752 - INFO -  Total enregistrements : 192
2026-04-28 16:29:16,754 - INFO -  Par ville :
2026-04-28 16:29:16,757 - INFO -    - Casablanca: 32 enregistrements
2026-04-28 16:29:16,762 - INFO -    - Rabat: 33 enregistrements
2026-04-28 16:29:16,772 - INFO -    - Marrakech: 32 enregistrements
2026-04-28 16:29:16,777 - INFO -    - Fes: 32 enregistrements
2026-04-28 16:29:16,780 - INFO -    - Tanger: 32 enregistrements
2026-04-28 16:29:16,784 - INFO -    - Agadir: 31 enregistrements
2026-04-28 16:29:16,786 - INFO -  Échecs : 2
2026-04-28 16:29:16,831 - INFO -  Données sauvegardées dans : C:\Users\safawardi\Documents\IA2_bdsi\projet_air_quality\data\raw\air_quality_20260428_162916.csv
2026-04-28 16:29:16,853 - INFO -  Version consolidée : C:\Users\safawardi\Documents\IA2_bdsi\projet_air_quality\data\raw\air_quality_latest.csv
2026-04-28 16:29:16,855 - INFO - ============================================================
2026-04-28 16:29:16,858 - INFO - Collecte terminée !
2026-04-28 17:19:34,272 - INFO -  Progression chargée : 32/168 collectes effectuées
2026-04-28 17:19:34,272 - INFO - ============================================================
2026-04-28 17:19:34,273 - INFO -  DÉMARRAGE DE LA COLLECTE AUTOMATIQUE
2026-04-28 17:19:34,273 - INFO -  Planifié : 168 cycles
2026-04-28 17:19:34,273 - INFO -  Villes : Casablanca, Rabat, Marrakech, Fes, Tanger, Agadir
2026-04-28 17:19:34,282 - INFO - ============================================================
2026-04-28 17:19:34,282 - INFO - 
 CYCLE 33/168
2026-04-28 17:19:34,283 - INFO -  2026-04-28 17:19:34
2026-04-28 17:19:37,016 - INFO -  Casablanca : Temp=18.95°C, AQI=3, PM2.5=4.72
2026-04-28 17:19:40,935 - INFO -  Rabat : Temp=20.37°C, AQI=2, PM2.5=4.37
2026-04-28 17:19:44,164 - INFO -  Marrakech : Temp=20.97°C, AQI=2, PM2.5=3.6
2026-04-28 17:19:47,572 - INFO -  Fes : Temp=22.97°C, AQI=2, PM2.5=3.75
2026-04-28 17:19:51,047 - INFO -  Tanger : Temp=18.74°C, AQI=3, PM2.5=8.91
2026-04-28 17:19:54,269 - INFO -  Agadir : Temp=21.06°C, AQI=2, PM2.5=3.65
2026-04-28 17:19:54,400 - INFO -  Collecté : 6/6 villes
2026-04-28 17:19:54,441 - INFO -  Total collecté jusqu'ici : 198 enregistrements
2026-04-28 17:19:54,442 - INFO -  Attente de 60 minutes... (Ctrl+C pour interrompre et reprendre plus tard)
2026-04-28 18:19:54,490 - INFO - 
 CYCLE 34/168
2026-04-28 18:19:54,513 - INFO -  2026-04-28 18:19:54
2026-04-28 18:19:56,599 - INFO -  Casablanca : Temp=18.95°C, AQI=3, PM2.5=6.21
2026-04-28 18:19:59,829 - INFO -  Rabat : Temp=19.37°C, AQI=2, PM2.5=5.96
2026-04-28 18:20:03,699 - INFO -  Marrakech : Temp=20.98°C, AQI=2, PM2.5=3.48
2026-04-28 18:20:07,124 - INFO -  Fes : Temp=22.95°C, AQI=2, PM2.5=3.38
2026-04-28 18:20:10,341 - INFO -  Tanger : Temp=19.74°C, AQI=3, PM2.5=9.08
2026-04-28 18:20:13,564 - INFO -  Agadir : Temp=22.06°C, AQI=3, PM2.5=3.85
2026-04-28 18:20:13,655 - INFO -  Collecté : 6/6 villes
2026-04-28 18:20:13,725 - INFO -  Total collecté jusqu'ici : 204 enregistrements
2026-04-28 18:20:13,725 - INFO -  Attente de 60 minutes... (Ctrl+C pour interrompre et reprendre plus tard)
2026-04-28 19:20:13,782 - INFO - 
 CYCLE 35/168
2026-04-28 19:20:13,791 - INFO -  2026-04-28 19:20:13
2026-04-28 19:20:17,657 - INFO -  Casablanca : Temp=18.95°C, AQI=3, PM2.5=7.47
2026-04-28 19:20:20,934 - INFO -  Rabat : Temp=19.35°C, AQI=2, PM2.5=7.35
2026-04-28 19:20:24,267 - INFO -  Marrakech : Temp=19.98°C, AQI=2, PM2.5=3.24
2026-04-28 19:20:27,665 - INFO -  Fes : Temp=20.95°C, AQI=2, PM2.5=3.08
2026-04-28 19:20:31,044 - INFO -  Tanger : Temp=18.74°C, AQI=3, PM2.5=9.53
2026-04-28 19:20:43,743 - INFO -  Agadir : Temp=20.06°C, AQI=3, PM2.5=4.11
2026-04-28 19:20:43,783 - INFO -  Collecté : 6/6 villes
2026-04-28 19:20:43,807 - INFO -  Total collecté jusqu'ici : 210 enregistrements
2026-04-28 19:20:43,807 - INFO -  Attente de 60 minutes... (Ctrl+C pour interrompre et reprendre plus tard)
2026-04-28 20:20:43,859 - INFO - 
 CYCLE 36/168
2026-04-28 20:20:43,870 - INFO -  2026-04-28 20:20:43
2026-04-28 20:20:46,002 - INFO -  Casablanca : Temp=18.44°C, AQI=2, PM2.5=8.19
2026-04-28 20:20:50,009 - INFO -  Rabat : Temp=18.37°C, AQI=2, PM2.5=8.13
2026-04-28 20:20:53,279 - INFO -  Marrakech : Temp=19.97°C, AQI=2, PM2.5=2.91
2026-04-28 20:20:56,631 - INFO -  Fes : Temp=19.97°C, AQI=2, PM2.5=2.92
2026-04-28 20:20:59,861 - INFO -  Tanger : Temp=18.74°C, AQI=3, PM2.5=9.93
2026-04-28 20:21:03,163 - INFO -  Agadir : Temp=19.06°C, AQI=3, PM2.5=4.32
2026-04-28 20:21:03,308 - INFO -  Collecté : 6/6 villes
2026-04-28 20:21:03,419 - INFO -  Total collecté jusqu'ici : 216 enregistrements
2026-04-28 20:21:03,421 - INFO -  Attente de 60 minutes... (Ctrl+C pour interrompre et reprendre plus tard)
2026-04-28 20:40:22,855 - INFO - 
 INTERRUPTION DÉTECTÉE - Sauvegarde en cours...
2026-04-28 20:40:22,882 - INFO -  Sauvegarde terminée. 216 enregistrements préservés.
2026-04-28 20:40:22,882 - INFO -  Relancez le script pour continuer là où vous vous êtes arrêté.
2026-04-28 20:40:22,882 - INFO - 
============================================================
2026-04-28 20:40:22,883 - INFO -  RAPPORT FINAL DE COLLECTE
2026-04-28 20:40:22,883 - INFO - ============================================================
2026-04-28 20:40:22,883 - INFO -  Total enregistrements : 216
2026-04-28 20:40:22,883 - INFO -  Par ville :
2026-04-28 20:40:22,884 - INFO -    - Casablanca: 36 enregistrements
2026-04-28 20:40:22,884 - INFO -    - Rabat: 37 enregistrements
2026-04-28 20:40:22,884 - INFO -    - Marrakech: 36 enregistrements
2026-04-28 20:40:22,886 - INFO -    - Fes: 36 enregistrements
2026-04-28 20:40:22,891 - INFO -    - Tanger: 36 enregistrements
2026-04-28 20:40:22,896 - INFO -    - Agadir: 35 enregistrements
2026-04-28 20:40:22,897 - INFO -  Échecs : 2
2026-04-28 20:40:23,158 - INFO -  Données sauvegardées dans : C:\Users\safawardi\Documents\IA2_bdsi\projet_air_quality\data\raw\air_quality_20260428_204023.csv
2026-04-28 20:40:23,166 - INFO -  Version consolidée : C:\Users\safawardi\Documents\IA2_bdsi\projet_air_quality\data\raw\air_quality_latest.csv
2026-04-28 20:40:23,166 - INFO - ============================================================
2026-04-28 20:40:23,167 - INFO - Collecte terminée !
2026-04-28 21:37:54,511 - INFO -  Progression chargée : 36/168 collectes effectuées
2026-04-28 21:37:54,511 - INFO - ============================================================
2026-04-28 21:37:54,512 - INFO -  DÉMARRAGE DE LA COLLECTE AUTOMATIQUE
2026-04-28 21:37:54,512 - INFO -  Planifié : 168 cycles
2026-04-28 21:37:54,512 - INFO -  Villes : Casablanca, Rabat, Marrakech, Fes, Tanger, Agadir
2026-04-28 21:37:54,519 - INFO - ============================================================
2026-04-28 21:37:54,521 - INFO - 
 CYCLE 37/168
2026-04-28 21:37:54,527 - INFO -  2026-04-28 21:37:54
2026-04-28 21:37:54,551 - WARNING -  Tentative 1/3 échouée pour Casablanca : HTTPSConnectionPool(host='api.openweathermap.org', port=443): Max retries exceeded with url: /data/2.5/weather?lat=33.5731&lon=-7.5898&appid=3fdb5f73f24ccda1ee902717c594a85d&units=metric (Caused by NameResolutionError("<urllib3.connection.HTTPSConnection object at 0x0000026C465D3950>: Failed to resolve 'api.openweathermap.org' ([Errno 11001] getaddrinfo failed)"))
2026-04-28 21:38:04,561 - WARNING -  Tentative 2/3 échouée pour Casablanca : HTTPSConnectionPool(host='api.openweathermap.org', port=443): Max retries exceeded with url: /data/2.5/weather?lat=33.5731&lon=-7.5898&appid=3fdb5f73f24ccda1ee902717c594a85d&units=metric (Caused by NameResolutionError("<urllib3.connection.HTTPSConnection object at 0x0000026C481604D0>: Failed to resolve 'api.openweathermap.org' ([Errno 11001] getaddrinfo failed)"))
2026-04-28 21:38:14,566 - WARNING -  Tentative 3/3 échouée pour Casablanca : HTTPSConnectionPool(host='api.openweathermap.org', port=443): Max retries exceeded with url: /data/2.5/weather?lat=33.5731&lon=-7.5898&appid=3fdb5f73f24ccda1ee902717c594a85d&units=metric (Caused by NameResolutionError("<urllib3.connection.HTTPSConnection object at 0x0000026C48161750>: Failed to resolve 'api.openweathermap.org' ([Errno 11001] getaddrinfo failed)"))
2026-04-28 21:38:14,567 - ERROR -  Échec définitif pour Casablanca après 3 tentatives
2026-04-28 21:38:14,631 - WARNING -  Tentative 1/3 échouée pour Rabat : HTTPSConnectionPool(host='api.openweathermap.org', port=443): Max retries exceeded with url: /data/2.5/weather?lat=34.0209&lon=-6.8416&appid=3fdb5f73f24ccda1ee902717c594a85d&units=metric (Caused by NameResolutionError("<urllib3.connection.HTTPSConnection object at 0x0000026C48162CD0>: Failed to resolve 'api.openweathermap.org' ([Errno 11001] getaddrinfo failed)"))
2026-04-28 21:38:26,265 - INFO -  Rabat : Temp=18.37°C, AQI=2, PM2.5=8.32
2026-04-28 21:38:29,800 - INFO -  Marrakech : Temp=19.98°C, AQI=2, PM2.5=3.13
2026-04-28 21:38:33,035 - INFO -  Fes : Temp=18.95°C, AQI=1, PM2.5=2.88
2026-04-28 21:38:36,249 - INFO -  Tanger : Temp=18.83°C, AQI=3, PM2.5=10.29
2026-04-28 21:38:39,469 - INFO -  Agadir : Temp=19.06°C, AQI=3, PM2.5=4.53
2026-04-28 21:38:39,504 - INFO -  Collecté : 5/6 villes
2026-04-28 21:38:39,542 - INFO -  Total collecté jusqu'ici : 221 enregistrements
2026-04-28 21:38:39,543 - INFO -  Attente de 60 minutes... (Ctrl+C pour interrompre et reprendre plus tard)
2026-04-28 22:13:48,314 - INFO - 
 INTERRUPTION DÉTECTÉE - Sauvegarde en cours...
2026-04-28 22:13:48,356 - INFO -  Sauvegarde terminée. 221 enregistrements préservés.
2026-04-28 22:13:48,356 - INFO -  Relancez le script pour continuer là où vous vous êtes arrêté.
2026-04-28 22:13:48,356 - INFO - 
============================================================
2026-04-28 22:13:48,357 - INFO -  RAPPORT FINAL DE COLLECTE
2026-04-28 22:13:48,357 - INFO - ============================================================
2026-04-28 22:13:48,357 - INFO -  Total enregistrements : 221
2026-04-28 22:13:48,357 - INFO -  Par ville :
2026-04-28 22:13:48,358 - INFO -    - Casablanca: 36 enregistrements
2026-04-28 22:13:48,358 - INFO -    - Rabat: 38 enregistrements
2026-04-28 22:13:48,358 - INFO -    - Marrakech: 37 enregistrements
2026-04-28 22:13:48,358 - INFO -    - Fes: 37 enregistrements
2026-04-28 22:13:48,358 - INFO -    - Tanger: 37 enregistrements
2026-04-28 22:13:48,359 - INFO -    - Agadir: 36 enregistrements
2026-04-28 22:13:48,359 - INFO -  Échecs : 3
2026-04-28 22:13:48,373 - INFO -  Données sauvegardées dans : C:\Users\safawardi\Documents\IA2_bdsi\projet_air_quality\data\raw\air_quality_20260428_221348.csv
2026-04-28 22:13:48,381 - INFO -  Version consolidée : C:\Users\safawardi\Documents\IA2_bdsi\projet_air_quality\data\raw\air_quality_latest.csv
2026-04-28 22:13:48,384 - INFO - ============================================================
2026-04-28 22:13:48,389 - INFO - Collecte terminée !
